分类: 📺央视频道, 名称: CCTV-1, 有效: 4, IPv4: 9, IPv6: 1, 最小延迟: 46 ms, 最高速率: 3.59 MiB/s, 平均速率: 2.27 MiB/s, 最高分辨率: 1920x1080, 平均帧率: 25.0, 视频编解码器: h264, 音频编解码器: aac
分类: 📺央视频道, 名称: CCTV-2, 有效: 4, IPv4: 7, IPv6: 1, 最小延迟: 32 ms, 最高速率: 10.41 MiB/s, 平均速率: 5.56 MiB/s, 最高分辨率: 1280x720, 平均帧率: 25.0, 视频编解码器: h264, 音频编解码器: aac
分类: 📺央视频道, 名称: CCTV-3, 有效: 3, IPv4: 4, IPv6: 0, 最小延迟: 47 ms, 最高速率: 9.43 MiB/s, 平均速率: 5.44 MiB/s, 最高分辨率: 1920x1080, 平均帧率: 25.0, 视频编解码器: h264, 音频编解码器: aac
分类: 📺央视频道, 名称: CCTV-4, 有效: 3, IPv4: 7, IPv6: 1, 最小延迟: 32 ms, 最高速率: 13.83 MiB/s, 平均速率: 5.49 MiB/s, 最高分辨率: 1920x1080, 平均帧率: 25.0, 视频编解码器: h264, 音频编解码器: aac
分类: 📺央视频道, 名称: CCTV-4K, 有效: 3, IPv4: 9, IPv6: 0, 最小延迟: 51 ms, 最高速率: 7.13 MiB/s, 平均速率: 4.51 MiB/s, 最高分辨率: 1920x1080, 平均帧率: 25.0, 视频编解码器: h264, 音频编解码器: aac
分类: 📺央视频道, 名称: CCTV-4 欧洲, 有效: 0, IPv4: 2, IPv6: 0, 最小延迟: — ms, 最高速率: 0.00 MiB/s, 平均速率: 0.00 MiB/s, 最高分辨率: —, 平均帧率: 未知, 视频编解码器: 未知, 音频编解码器: 未知
分类: 📺央视频道, 名称: CCTV-4 美洲, 有效: 0, IPv4: 2, IPv6: 0, 最小延迟: — ms, 最高速率: 0.00 MiB/s, 平均速率: 0.00 MiB/s, 最高分辨率: —, 平均帧率: 未知, 视频编解码器: 未知, 音频编解码器: 未知
分类: 📺央视频道, 名称: CCTV-5, 有效: 3, IPv4: 20, IPv6: 6, 最小延迟: 31 ms, 最高速率: 10.18 MiB/s, 平均速率: 5.87 MiB/s, 最高分辨率: 1280x720, 平均帧率: 25.0, 视频编解码器: h264, 音频编解码器: aac
分类: 📺央视频道, 名称: CCTV-5+, 有效: 2, IPv4: 69, IPv6: 12, 最小延迟: 32 ms, 最高速率: 7.62 MiB/s, 平均速率: 4.07 MiB/s, 最高分辨率: 1920x1080, 平均帧率: 26.14, 视频编解码器: h264, 音频编解码器: mp2
分类: 📺央视频道, 名称: CCTV-6, 有效: 4, IPv4: 5, IPv6: 0, 最小延迟: 31 ms, 最高速率: 9.85 MiB/s, 平均速率: 4.95 MiB/s, 最高分辨率: 1280x720, 平均帧率: 25.0, 视频编解码器: h264, 音频编解码器: aac
分类: 📺央视频道, 名称: CCTV-7, 有效: 2, IPv4: 8, IPv6: 1, 最小延迟: 47 ms, 最高速率: 9.45 MiB/s, 平均速率: 6.52 MiB/s, 最高分辨率: 1920x1080, 平均帧率: 25.0, 视频编解码器: h264, 音频编解码器: aac
分类: 📺央视频道, 名称: CCTV-8, 有效: 3, IPv4: 5, IPv6: 0, 最小延迟: 36 ms, 最高速率: 8.49 MiB/s, 平均速率: 6.97 MiB/s, 最高分辨率: 1920x1080, 平均帧率: 25.0, 视频编解码器: h264, 音频编解码器: aac
分类: 📺央视频道, 名称: CCTV-8K, 有效: 3, IPv4: 6, IPv6: 0, 最小延迟: 48 ms, 最高速率: 7.21 MiB/s, 平均速率: 4.87 MiB/s, 最高分辨率: 1920x1080, 平均帧率: 25.0, 视频编解码器: h264, 音频编解码器: aac
分类: 📺央视频道, 名称: CCTV-9, 有效: 4, IPv4: 4, IPv6: 0, 最小延迟: 31 ms, 最高速率: 33.08 MiB/s, 平均速率: 10.65 MiB/s, 最高分辨率: 1920x1080, 平均帧率: 25.0, 视频编解码器: h264, 音频编解码器: aac
分类: 📺央视频道, 名称: CCTV-10, 有效: 2, IPv4: 4, IPv6: 0, 最小延迟: 33 ms, 最高速率: 14.90 MiB/s, 平均速率: 14.77 MiB/s, 最高分辨率: 1920x1080, 平均帧率: 25.0, 视频编解码器: h264, 音频编解码器: aac
分类: 📺央视频道, 名称: CCTV-11, 有效: 2, IPv4: 2, IPv6: 0, 最小延迟: 33 ms, 最高速率: 21.30 MiB/s, 平均速率: 13.74 MiB/s, 最高分辨率: 1280x720, 平均帧率: 25.0, 视频编解码器: h264, 音频编解码器: aac
分类: 📺央视频道, 名称: CCTV-12, 有效: 2, IPv4: 4, IPv6: 0, 最小延迟: 34 ms, 最高速率: 11.77 MiB/s, 平均速率: 7.89 MiB/s, 最高分辨率: 1920x1080, 平均帧率: 25.0, 视频编解码器: h264, 音频编解码器: aac
分类: 📺央视频道, 名称: CCTV-13, 有效: 3, IPv4: 4, IPv6: 0, 最小延迟: 32 ms, 最高速率: 19.25 MiB/s, 平均速率: 8.08 MiB/s, 最高分辨率: 1280x720, 平均帧率: 25.0, 视频编解码器: h264, 音频编解码器: aac
分类: 📺央视频道, 名称: CCTV-14, 有效: 3, IPv4: 7, IPv6: 1, 最小延迟: 50 ms, 最高速率: 8.43 MiB/s, 平均速率: 7.87 MiB/s, 最高分辨率: 1920x1080, 平均帧率: 25.0, 视频编解码器: h264, 音频编解码器: aac
分类: 📺央视频道, 名称: CCTV-15, 有效: 4, IPv4: 4, IPv6: 0, 最小延迟: 34 ms, 最高速率: 20.05 MiB/s, 平均速率: 12.59 MiB/s, 最高分辨率: 1920x1080, 平均帧率: 25.0, 视频编解码器: h264, 音频编解码器: aac
分类: 📺央视频道, 名称: CCTV-16, 有效: 2, IPv4: 55, IPv6: 12, 最小延迟: 49 ms, 最高速率: 6.81 MiB/s, 平均速率: 5.72 MiB/s, 最高分辨率: 1920x1080, 平均帧率: 27.63, 视频编解码器: h264, 音频编解码器: aac
分类: 📺央视频道, 名称: CCTV-17, 有效: 5, IPv4: 7, IPv6: 0, 最小延迟: 48 ms, 最高速率: 13.88 MiB/s, 平均速率: 9.62 MiB/s, 最高分辨率: 1920x1080, 平均帧率: 27.0, 视频编解码器: h264, 音频编解码器: aac
分类: 📺央视频道, 名称: CETV-1, 有效: 2, IPv4: 9, IPv6: 2, 最小延迟: 47 ms, 最高速率: 9.62 MiB/s, 平均速率: 9.55 MiB/s, 最高分辨率: 1920x1080, 平均帧率: 25.0, 视频编解码器: h264, 音频编解码器: aac
分类: 📺央视频道, 名称: CETV-2, 有效: 0, IPv4: 29, IPv6: 7, 最小延迟: 47 ms, 最高速率: 9.81 MiB/s, 平均速率: 0.00 MiB/s, 最高分辨率: 720x576, 平均帧率: 25.0, 视频编解码器: h264, 音频编解码器: aac
分类: 📺央视频道, 名称: CETV-3, 有效: 0, IPv4: 8, IPv6: 3, 最小延迟: 32 ms, 最高速率: 11.09 MiB/s, 平均速率: 0.00 MiB/s, 最高分辨率: 720x576, 平均帧率: 25.0, 视频编解码器: h264, 音频编解码器: aac
分类: 📺央视频道, 名称: CETV-4, 有效: 0, IPv4: 36, IPv6: 9, 最小延迟: 48 ms, 最高速率: 8.97 MiB/s, 平均速率: 0.00 MiB/s, 最高分辨率: 720x576, 平均帧率: 25.0, 视频编解码器: h264, 音频编解码器: aac
分类: 📺央视频道, 名称: CGTN, 有效: 2, IPv4: 4, IPv6: 1, 最小延迟: 39 ms, 最高速率: 8.09 MiB/s, 平均速率: 7.67 MiB/s, 最高分辨率: 1920x1080, 平均帧率: 25.0, 视频编解码器: h264, 音频编解码器: aac
分类: 💰央视付费频道, 名称: 文化精品, 有效: 3, IPv4: 7, IPv6: 1, 最小延迟: 52 ms, 最高速率: 13.50 MiB/s, 平均速率: 5.59 MiB/s, 最高分辨率: 1920x1080, 平均帧率: 26.67, 视频编解码器: h264, 音频编解码器: aac
分类: 💰央视付费频道, 名称: 央视台球, 有效: 3, IPv4: 5, IPv6: 1, 最小延迟: 47 ms, 最高速率: 6.63 MiB/s, 平均速率: 5.95 MiB/s, 最高分辨率: 1920x1080, 平均帧率: 25.0, 视频编解码器: h264, 音频编解码器: aac
分类: 💰央视付费频道, 名称: 风云音乐, 有效: 3, IPv4: 5, IPv6: 0, 最小延迟: 54 ms, 最高速率: 13.68 MiB/s, 平均速率: 11.54 MiB/s, 最高分辨率: 1920x1080, 平均帧率: 28.33, 视频编解码器: h264, 音频编解码器: aac
分类: 💰央视付费频道, 名称: 第一剧场, 有效: 4, IPv4: 5, IPv6: 0, 最小延迟: 49 ms, 最高速率: 14.13 MiB/s, 平均速率: 5.26 MiB/s, 最高分辨率: 1920x1080, 平均帧率: 27.5, 视频编解码器: h264, 音频编解码器: aac
分类: 💰央视付费频道, 名称: 风云剧场, 有效: 3, IPv4: 8, IPv6: 1, 最小延迟: 50 ms, 最高速率: 13.27 MiB/s, 平均速率: 6.24 MiB/s, 最高分辨率: 1920x1080, 平均帧率: 26.67, 视频编解码器: h264, 音频编解码器: aac
分类: 💰央视付费频道, 名称: 怀旧剧场, 有效: 4, IPv4: 8, IPv6: 1, 最小延迟: 50 ms, 最高速率: 13.66 MiB/s, 平均速率: 5.42 MiB/s, 最高分辨率: 1920x1080, 平均帧率: 26.25, 视频编解码器: h264, 音频编解码器: aac
分类: 💰央视付费频道, 名称: 女性时尚, 有效: 3, IPv4: 9, IPv6: 0, 最小延迟: 48 ms, 最高速率: 11.46 MiB/s, 平均速率: 9.16 MiB/s, 最高分辨率: 1920x1080, 平均帧率: 25.0, 视频编解码器: h264, 音频编解码器: aac
分类: 💰央视付费频道, 名称: 高尔夫网球, 有效: 1, IPv4: 11, IPv6: 2, 最小延迟: 49 ms, 最高速率: 1.22 MiB/s, 平均速率: 1.22 MiB/s, 最高分辨率: 1920x1080, 平均帧率: 25.0, 视频编解码器: h264, 音频编解码器: aac
分类: 💰央视付费频道, 名称: 风云足球, 有效: 3, IPv4: 11, IPv6: 2, 最小延迟: 48 ms, 最高速率: 9.32 MiB/s, 平均速率: 9.14 MiB/s, 最高分辨率: 1920x1080, 平均帧率: 25.0, 视频编解码器: h264, 音频编解码器: aac
分类: 💰央视付费频道, 名称: 电视指南, 有效: 2, IPv4: 9, IPv6: 1, 最小延迟: 46 ms, 最高速率: 9.69 MiB/s, 平均速率: 8.66 MiB/s, 最高分辨率: 1920x1080, 平均帧率: 25.0, 视频编解码器: h264, 音频编解码器: aac
分类: 💰央视付费频道, 名称: 世界地理, 有效: 2, IPv4: 10, IPv6: 1, 最小延迟: 34 ms, 最高速率: 20.28 MiB/s, 平均速率: 14.20 MiB/s, 最高分辨率: 1920x1080, 平均帧率: 25.0, 视频编解码器: h264, 音频编解码器: aac
分类: 💰央视付费频道, 名称: 发现之旅, 有效: 0, IPv4: 32, IPv6: 2, 最小延迟: 32 ms, 最高速率: 8.09 MiB/s, 平均速率: 0.00 MiB/s, 最高分辨率: 640x480, 平均帧率: 25.0, 视频编解码器: h264, 音频编解码器: aac
分类: 💰央视付费频道, 名称: 卫生健康, 有效: 2, IPv4: 9, IPv6: 1, 最小延迟: 50 ms, 最高速率: 0.93 MiB/s, 平均速率: 0.78 MiB/s, 最高分辨率: 1920x1080, 平均帧率: 25.0, 视频编解码器: h264, 音频编解码器: aac
分类: 💰央视付费频道, 名称: 兵器科技, 有效: 3, IPv4: 5, IPv6: 0, 最小延迟: 52 ms, 最高速率: 14.82 MiB/s, 平均速率: 10.77 MiB/s, 最高分辨率: 1920x1080, 平均帧率: 28.33, 视频编解码器: h264, 音频编解码器: aac
分类: 💰央视付费频道, 名称: 重温经典, 有效: 2, IPv4: 29, IPv6: 4, 最小延迟: 35 ms, 最高速率: 11.84 MiB/s, 平均速率: 8.84 MiB/s, 最高分辨率: 1920x1080, 平均帧率: 25.0, 视频编解码器: h264, 音频编解码器: aac
分类: 📡卫视频道, 名称: 广东卫视, 有效: 4, IPv4: 5, IPv6: 0, 最小延迟: 44 ms, 最高速率: 9.97 MiB/s, 平均速率: 8.56 MiB/s, 最高分辨率: 1920x1080, 平均帧率: 25.0, 视频编解码器: h264, 音频编解码器: aac
分类: 📡卫视频道, 名称: 广西卫视, 有效: 2, IPv4: 4, IPv6: 0, 最小延迟: 50 ms, 最高速率: 13.08 MiB/s, 平均速率: 10.75 MiB/s, 最高分辨率: 1920x1080, 平均帧率: 25.0, 视频编解码器: h264, 音频编解码器: aac
分类: 📡卫视频道, 名称: 香港卫视, 有效: 0, IPv4: 14, IPv6: 12, 最小延迟: 25 ms, 最高速率: 4.31 MiB/s, 平均速率: 0.00 MiB/s, 最高分辨率: 19x24, 平均帧率: 25.0, 视频编解码器: rawvideo, 音频编解码器: 未知
分类: 📡卫视频道, 名称: 深圳卫视, 有效: 3, IPv4: 3, IPv6: 0, 最小延迟: 48 ms, 最高速率: 7.32 MiB/s, 平均速率: 4.80 MiB/s, 最高分辨率: 1920x1080, 平均帧率: 25.0, 视频编解码器: h264, 音频编解码器: aac
分类: 📡卫视频道, 名称: 浙江卫视, 有效: 3, IPv4: 3, IPv6: 0, 最小延迟: 47 ms, 最高速率: 13.95 MiB/s, 平均速率: 10.77 MiB/s, 最高分辨率: 1920x1080, 平均帧率: 25.0, 视频编解码器: h264, 音频编解码器: aac
分类: 📡卫视频道, 名称: 湖南卫视, 有效: 3, IPv4: 3, IPv6: 0, 最小延迟: 50 ms, 最高速率: 12.95 MiB/s, 平均速率: 6.49 MiB/s, 最高分辨率: 3840x2160, 平均帧率: 25.0, 视频编解码器: h264, 音频编解码器: aac
分类: 📡卫视频道, 名称: 厦门卫视, 有效: 2, IPv4: 16, IPv6: 11, 最小延迟: 51 ms, 最高速率: 8.92 MiB/s, 平均速率: 1.28 MiB/s, 最高分辨率: 1280x720, 平均帧率: 25.83, 视频编解码器: h264, 音频编解码器: aac
分类: 📡卫视频道, 名称: 江苏卫视, 有效: 3, IPv4: 4, IPv6: 0, 最小延迟: 47 ms, 最高速率: 9.14 MiB/s, 平均速率: 5.03 MiB/s, 最高分辨率: 1920x1080, 平均帧率: 26.67, 视频编解码器: h264, 音频编解码器: aac
分类: 📡卫视频道, 名称: 北京卫视, 有效: 3, IPv4: 4, IPv6: 0, 最小延迟: 32 ms, 最高速率: 13.17 MiB/s, 平均速率: 11.24 MiB/s, 最高分辨率: 1920x1080, 平均帧率: 25.0, 视频编解码器: h264, 音频编解码器: aac
分类: 📡卫视频道, 名称: 湖北卫视, 有效: 2, IPv4: 7, IPv6: 2, 最小延迟: 50 ms, 最高速率: 7.14 MiB/s, 平均速率: 6.19 MiB/s, 最高分辨率: 1920x1080, 平均帧率: 25.0, 视频编解码器: h264, 音频编解码器: aac
分类: 📡卫视频道, 名称: 黑龙江卫视, 有效: 2, IPv4: 6, IPv6: 1, 最小延迟: 32 ms, 最高速率: 13.57 MiB/s, 平均速率: 11.10 MiB/s, 最高分辨率: 1920x1080, 平均帧率: 25.0, 视频编解码器: h264, 音频编解码器: aac
分类: 📡卫视频道, 名称: 安徽卫视, 有效: 3, IPv4: 6, IPv6: 1, 最小延迟: 51 ms, 最高速率: 7.67 MiB/s, 平均速率: 6.62 MiB/s, 最高分辨率: 1920x1080, 平均帧率: 25.0, 视频编解码器: h264, 音频编解码器: aac
分类: 📡卫视频道, 名称: 重庆卫视, 有效: 2, IPv4: 2, IPv6: 1, 最小延迟: 32 ms, 最高速率: 11.90 MiB/s, 平均速率: 10.48 MiB/s, 最高分辨率: 1920x1080, 平均帧率: 25.0, 视频编解码器: h264, 音频编解码器: aac
分类: 📡卫视频道, 名称: 东方卫视, 有效: 3, IPv4: 3, IPv6: 0, 最小延迟: 49 ms, 最高速率: 9.29 MiB/s, 平均速率: 6.10 MiB/s, 最高分辨率: 1920x1080, 平均帧率: 25.0, 视频编解码器: h264, 音频编解码器: aac
分类: 📡卫视频道, 名称: 东南卫视, 有效: 2, IPv4: 3, IPv6: 0, 最小延迟: 32 ms, 最高速率: 20.52 MiB/s, 平均速率: 13.72 MiB/s, 最高分辨率: 1920x1080, 平均帧率: 25.0, 视频编解码器: h264, 音频编解码器: aac
分类: 📡卫视频道, 名称: 甘肃卫视, 有效: 3, IPv4: 9, IPv6: 2, 最小延迟: 33 ms, 最高速率: 25.35 MiB/s, 平均速率: 14.03 MiB/s, 最高分辨率: 1920x1080, 平均帧率: 25.0, 视频编解码器: h264, 音频编解码器: aac
分类: 📡卫视频道, 名称: 贵州卫视, 有效: 4, IPv4: 4, IPv6: 0, 最小延迟: 31 ms, 最高速率: 15.30 MiB/s, 平均速率: 11.23 MiB/s, 最高分辨率: 1920x1080, 平均帧率: 26.25, 视频编解码器: h264, 音频编解码器: aac
分类: 📡卫视频道, 名称: 海南卫视, 有效: 3, IPv4: 20, IPv6: 4, 最小延迟: 52 ms, 最高速率: 4.52 MiB/s, 平均速率: 2.21 MiB/s, 最高分辨率: 1920x1080, 平均帧率: 31.25, 视频编解码器: h264, 音频编解码器: aac
分类: 📡卫视频道, 名称: 河北卫视, 有效: 2, IPv4: 23, IPv6: 6, 最小延迟: 35 ms, 最高速率: 7.06 MiB/s, 平均速率: 3.67 MiB/s, 最高分辨率: 3840x2160, 平均帧率: 30.0, 视频编解码器: h264, 音频编解码器: aac
分类: 📡卫视频道, 名称: 河南卫视, 有效: 4, IPv4: 7, IPv6: 0, 最小延迟: 33 ms, 最高速率: 12.23 MiB/s, 平均速率: 7.50 MiB/s, 最高分辨率: 1920x1080, 平均帧率: 31.0, 视频编解码器: h264, 音频编解码器: aac
分类: 📡卫视频道, 名称: 吉林卫视, 有效: 2, IPv4: 7, IPv6: 1, 最小延迟: 33 ms, 最高速率: 10.08 MiB/s, 平均速率: 8.76 MiB/s, 最高分辨率: 1920x1080, 平均帧率: 25.0, 视频编解码器: h264, 音频编解码器: aac
分类: 📡卫视频道, 名称: 江西卫视, 有效: 2, IPv4: 16, IPv6: 2, 最小延迟: 53 ms, 最高速率: 13.51 MiB/s, 平均速率: 7.06 MiB/s, 最高分辨率: 1920x1080, 平均帧率: 40.0, 视频编解码器: h264, 音频编解码器: aac
分类: 📡卫视频道, 名称: 辽宁卫视, 有效: 5, IPv4: 5, IPv6: 0, 最小延迟: 51 ms, 最高速率: 8.49 MiB/s, 平均速率: 3.11 MiB/s, 最高分辨率: 1920x1080, 平均帧率: 26.0, 视频编解码器: h264, 音频编解码器: aac
分类: 📡卫视频道, 名称: 内蒙古卫视, 有效: 4, IPv4: 4, IPv6: 0, 最小延迟: 48 ms, 最高速率: 14.08 MiB/s, 平均速率: 8.58 MiB/s, 最高分辨率: 1920x1080, 平均帧率: 27.5, 视频编解码器: h264, 音频编解码器: aac
分类: 📡卫视频道, 名称: 宁夏卫视, 有效: 4, IPv4: 5, IPv6: 0, 最小延迟: 51 ms, 最高速率: 14.15 MiB/s, 平均速率: 12.14 MiB/s, 最高分辨率: 1920x1080, 平均帧率: 28.0, 视频编解码器: h264, 音频编解码器: aac
分类: 📡卫视频道, 名称: 青海卫视, 有效: 2, IPv4: 6, IPv6: 2, 最小延迟: 49 ms, 最高速率: 9.25 MiB/s, 平均速率: 9.19 MiB/s, 最高分辨率: 1920x1080, 平均帧率: 25.0, 视频编解码器: h264, 音频编解码器: aac
分类: 📡卫视频道, 名称: 山东卫视, 有效: 3, IPv4: 7, IPv6: 0, 最小延迟: 50 ms, 最高速率: 7.71 MiB/s, 平均速率: 5.38 MiB/s, 最高分辨率: 1920x1080, 平均帧率: 36.67, 视频编解码器: h264, 音频编解码器: aac
分类: 📡卫视频道, 名称: 山西卫视, 有效: 4, IPv4: 4, IPv6: 0, 最小延迟: 51 ms, 最高速率: 14.71 MiB/s, 平均速率: 9.15 MiB/s, 最高分辨率: 1920x1080, 平均帧率: 27.5, 视频编解码器: h264, 音频编解码器: aac
分类: 📡卫视频道, 名称: 陕西卫视, 有效: 2, IPv4: 8, IPv6: 1, 最小延迟: 48 ms, 最高速率: 13.89 MiB/s, 平均速率: 11.19 MiB/s, 最高分辨率: 1920x1080, 平均帧率: 27.5, 视频编解码器: h264, 音频编解码器: aac
分类: 📡卫视频道, 名称: 四川卫视, 有效: 4, IPv4: 7, IPv6: 1, 最小延迟: 50 ms, 最高速率: 13.78 MiB/s, 平均速率: 7.64 MiB/s, 最高分辨率: 1920x1080, 平均帧率: 28.0, 视频编解码器: h264, 音频编解码器: aac
分类: 📡卫视频道, 名称: 三沙卫视, 有效: 3, IPv4: 9, IPv6: 1, 最小延迟: 34 ms, 最高速率: 21.15 MiB/s, 平均速率: 1.58 MiB/s, 最高分辨率: 1280x720, 平均帧率: 33.0, 视频编解码器: h264, 音频编解码器: aac
分类: 📡卫视频道, 名称: 天津卫视, 有效: 2, IPv4: 3, IPv6: 2, 最小延迟: 35 ms, 最高速率: 1.92 MiB/s, 平均速率: 1.56 MiB/s, 最高分辨率: 1920x1080, 平均帧率: 25.0, 视频编解码器: h264, 音频编解码器: aac
分类: 📡卫视频道, 名称: 西藏卫视, 有效: 3, IPv4: 4, IPv6: 0, 最小延迟: 49 ms, 最高速率: 14.52 MiB/s, 平均速率: 9.02 MiB/s, 最高分辨率: 1920x1080, 平均帧率: 26.25, 视频编解码器: h264, 音频编解码器: aac
分类: 📡卫视频道, 名称: 新疆卫视, 有效: 5, IPv4: 5, IPv6: 0, 最小延迟: 50 ms, 最高速率: 13.92 MiB/s, 平均速率: 6.34 MiB/s, 最高分辨率: 1920x1080, 平均帧率: 40.0, 视频编解码器: h264, 音频编解码器: aac
分类: 📡卫视频道, 名称: 云南卫视, 有效: 3, IPv4: 3, IPv6: 0, 最小延迟: 48 ms, 最高速率: 14.87 MiB/s, 平均速率: 12.79 MiB/s, 最高分辨率: 1920x1080, 平均帧率: 25.0, 视频编解码器: h264, 音频编解码器: aac
分类: 🌊港·澳·台, 名称: 翡翠台, 有效: 6, IPv4: 0, IPv6: 6, 最小延迟: 47 ms, 最高速率: 18.71 MiB/s, 平均速率: 14.71 MiB/s, 最高分辨率: 3840x2160, 平均帧率: 40.0, 视频编解码器: h264, 音频编解码器: mp2
分类: 🌊港·澳·台, 名称: 明珠台, 有效: 4, IPv4: 2, IPv6: 6, 最小延迟: 24 ms, 最高速率: 64.53 MiB/s, 平均速率: 25.20 MiB/s, 最高分辨率: 1920x1080, 平均帧率: 25.0, 视频编解码器: 未知, 音频编解码器: 未知
分类: 🌊港·澳·台, 名称: TVB Plus, 有效: 2, IPv4: 0, IPv6: 2, 最小延迟: 46 ms, 最高速率: 26.26 MiB/s, 平均速率: 22.36 MiB/s, 最高分辨率: 1920x1080, 平均帧率: 25.0, 视频编解码器: 未知, 音频编解码器: 未知
分类: 🌊港·澳·台, 名称: TVB娛樂新聞台, 有效: 3, IPv4: 3, IPv6: 4, 最小延迟: 56 ms, 最高速率: 25.00 MiB/s, 平均速率: 13.35 MiB/s, 最高分辨率: 1920x1080, 平均帧率: 25.0, 视频编解码器: h264, 音频编解码器: aac
分类: 🌊港·澳·台, 名称: 無綫新聞台, 有效: 3, IPv4: 2, IPv6: 4, 最小延迟: 24 ms, 最高速率: 36.10 MiB/s, 平均速率: 17.20 MiB/s, 最高分辨率: 1920x1080, 平均帧率: 26.67, 视频编解码器: h264, 音频编解码器: aac
分类: 🌊港·澳·台, 名称: TVB1, 有效: 1, IPv4: 6, IPv6: 2, 最小延迟: 25 ms, 最高速率: 26.15 MiB/s, 平均速率: 26.15 MiB/s, 最高分辨率: 1920x1080, 平均帧率: 29.97, 视频编解码器: h264, 音频编解码器: aac
分类: 🌊港·澳·台, 名称: TVB J1, 有效: 3, IPv4: 5, IPv6: 6, 最小延迟: 66 ms, 最高速率: 17.26 MiB/s, 平均速率: 13.53 MiB/s, 最高分辨率: 1920x1080, 平均帧率: 29.97, 视频编解码器: h264, 音频编解码器: aac
分类: 🌊港·澳·台, 名称: TVB J2, 有效: 0, IPv4: 1, IPv6: 1, 最小延迟: — ms, 最高速率: 0.00 MiB/s, 平均速率: 0.00 MiB/s, 最高分辨率: —, 平均帧率: 未知, 视频编解码器: 未知, 音频编解码器: 未知
分类: 🌊港·澳·台, 名称: 華麗翡翠台, 有效: 2, IPv4: 0, IPv6: 6, 最小延迟: 46 ms, 最高速率: 19.00 MiB/s, 平均速率: 15.79 MiB/s, 最高分辨率: 1920x1080, 平均帧率: 37.5, 视频编解码器: h264, 音频编解码器: aac
分类: 🌊港·澳·台, 名称: TVB亞洲武俠, 有效: 2, IPv4: 3, IPv6: 3, 最小延迟: 45 ms, 最高速率: 18.56 MiB/s, 平均速率: 13.64 MiB/s, 最高分辨率: 1280x720, 平均帧率: 25.0, 视频编解码器: h264, 音频编解码器: aac
分类: 🌊港·澳·台, 名称: TVB劇場, 有效: 0, IPv4: 1, IPv6: 0, 最小延迟: — ms, 最高速率: 0.00 MiB/s, 平均速率: 0.00 MiB/s, 最高分辨率: —, 平均帧率: 未知, 视频编解码器: 未知, 音频编解码器: 未知
分类: 🌊港·澳·台, 名称: TVB粵語片台, 有效: 0, IPv4: 3, IPv6: 0, 最小延迟: — ms, 最高速率: 0.00 MiB/s, 平均速率: 0.00 MiB/s, 最高分辨率: —, 平均帧率: 未知, 视频编解码器: 未知, 音频编解码器: 未知
分类: 🌊港·澳·台, 名称: TVB翡翠劇集, 有效: 1, IPv4: 7, IPv6: 2, 最小延迟: 25 ms, 最高速率: 58.78 MiB/s, 平均速率: 58.78 MiB/s, 最高分辨率: 1920x1080, 平均帧率: 29.97, 视频编解码器: h264, 音频编解码器: aac
分类: 🌊港·澳·台, 名称: TVB經典台, 有效: 1, IPv4: 18, IPv6: 9, 最小延迟: 44 ms, 最高速率: 14.69 MiB/s, 平均速率: 14.69 MiB/s, 最高分辨率: 1920x1080, 平均帧率: 50.0, 视频编解码器: 未知, 音频编解码器: 未知
分类: 🌊港·澳·台, 名称: TVB華語劇台, 有效: 0, IPv4: 1, IPv6: 0, 最小延迟: — ms, 最高速率: 0.00 MiB/s, 平均速率: 0.00 MiB/s, 最高分辨率: —, 平均帧率: 未知, 视频编解码器: 未知, 音频编解码器: 未知
分类: 🌊港·澳·台, 名称: TVB星河, 有效: 3, IPv4: 0, IPv6: 5, 最小延迟: 27 ms, 最高速率: 61.85 MiB/s, 平均速率: 31.39 MiB/s, 最高分辨率: 1920x1080, 平均帧率: 50.0, 视频编解码器: 未知, 音频编解码器: 未知
分类: 🌊港·澳·台, 名称: TVB黃金翡翠台, 有效: 0, IPv4: 11, IPv6: 0, 最小延迟: 101 ms, 最高速率: 0.10 MiB/s, 平均速率: 0.00 MiB/s, 最高分辨率: 1920x1080, 平均帧率: 25.0, 视频编解码器: 未知, 音频编解码器: 未知
分类: 🌊港·澳·台, 名称: Viutv, 有效: 4, IPv4: 3, IPv6: 5, 最小延迟: 30 ms, 最高速率: 75.60 MiB/s, 平均速率: 29.20 MiB/s, 最高分辨率: 1920x1080, 平均帧率: 未知, 视频编解码器: 未知, 音频编解码器: 未知
分类: 🌊港·澳·台, 名称: HOY TV, 有效: 3, IPv4: 1, IPv6: 3, 最小延迟: 25 ms, 最高速率: 30.35 MiB/s, 平均速率: 15.80 MiB/s, 最高分辨率: 1920x1080, 平均帧率: 50.0, 视频编解码器: h264, 音频编解码器: aac
分类: 🌊港·澳·台, 名称: HOY 資訊台, 有效: 2, IPv4: 8, IPv6: 8, 最小延迟: 47 ms, 最高速率: 25.00 MiB/s, 平均速率: 21.74 MiB/s, 最高分辨率: 1920x1080, 平均帧率: 50.0, 视频编解码器: h264, 音频编解码器: aac
分类: 🌊港·澳·台, 名称: HOY 國際財經台, 有效: 2, IPv4: 2, IPv6: 6, 最小延迟: 47 ms, 最高速率: 5.35 MiB/s, 平均速率: 4.42 MiB/s, 最高分辨率: 1280x720, 平均帧率: 50.0, 视频编解码器: h264, 音频编解码器: 未知
分类: 🌊港·澳·台, 名称: 港台電視 31, 有效: 4, IPv4: 7, IPv6: 7, 最小延迟: 49 ms, 最高速率: 18.71 MiB/s, 平均速率: 14.41 MiB/s, 最高分辨率: 1920x1080, 平均帧率: 25.0, 视频编解码器: h264, 音频编解码器: aac
分类: 🌊港·澳·台, 名称: 港台電視 32, 有效: 3, IPv4: 6, IPv6: 7, 最小延迟: 46 ms, 最高速率: 18.65 MiB/s, 平均速率: 15.67 MiB/s, 最高分辨率: 1920x1080, 平均帧率: 25.0, 视频编解码器: h264, 音频编解码器: aac
分类: 🌊港·澳·台, 名称: NOW 星影台, 有效: 0, IPv4: 10, IPv6: 0, 最小延迟: 99 ms, 最高速率: 0.00 MiB/s, 平均速率: 0.00 MiB/s, 最高分辨率: —, 平均帧率: 未知, 视频编解码器: 未知, 音频编解码器: 未知
分类: 🌊港·澳·台, 名称: NOW 劇集台, 有效: 0, IPv4: 1, IPv6: 0, 最小延迟: — ms, 最高速率: 0.00 MiB/s, 平均速率: 0.00 MiB/s, 最高分辨率: —, 平均帧率: 未知, 视频编解码器: 未知, 音频编解码器: 未知
分类: 🌊港·澳·台, 名称: NOW 華劇台, 有效: 0, IPv4: 1, IPv6: 0, 最小延迟: — ms, 最高速率: 0.00 MiB/s, 平均速率: 0.00 MiB/s, 最高分辨率: —, 平均帧率: 未知, 视频编解码器: 未知, 音频编解码器: 未知
分类: 🌊港·澳·台, 名称: NOW 爆谷台, 有效: 1, IPv4: 10, IPv6: 0, 最小延迟: 63 ms, 最高速率: 0.32 MiB/s, 平均速率: 0.32 MiB/s, 最高分辨率: 1280x720, 平均帧率: 25.0, 视频编解码器: h264, 音频编解码器: aac
分类: 🌊港·澳·台, 名称: NOW 新聞台, 有效: 4, IPv4: 7, IPv6: 6, 最小延迟: 43 ms, 最高速率: 17.99 MiB/s, 平均速率: 9.27 MiB/s, 最高分辨率: 1920x1080, 平均帧率: 50.0, 视频编解码器: h264, 音频编解码器: aac
分类: 🌊港·澳·台, 名称: NOW 體育台, 有效: 1, IPv4: 3, IPv6: 1, 最小延迟: 256 ms, 最高速率: 0.70 MiB/s, 平均速率: 0.70 MiB/s, 最高分辨率: —, 平均帧率: 未知, 视频编解码器: 未知, 音频编解码器: 未知
分类: 🌊港·澳·台, 名称: 澳視澳門, 有效: 4, IPv4: 4, IPv6: 10, 最小延迟: 69 ms, 最高速率: 19.57 MiB/s, 平均速率: 12.88 MiB/s, 最高分辨率: 1920x1080, 平均帧率: 25.0, 视频编解码器: h264, 音频编解码器: aac
分类: 🌊港·澳·台, 名称: 澳視衛星, 有效: 2, IPv4: 0, IPv6: 5, 最小延迟: 27 ms, 最高速率: 15.45 MiB/s, 平均速率: 15.02 MiB/s, 最高分辨率: 1920x1080, 平均帧率: 25.0, 视频编解码器: h264, 音频编解码器: aac
分类: 🌊港·澳·台, 名称: 澳門綜藝, 有效: 1, IPv4: 0, IPv6: 5, 最小延迟: 26 ms, 最高速率: 11.31 MiB/s, 平均速率: 11.31 MiB/s, 最高分辨率: 1920x1080, 平均帧率: 25.0, 视频编解码器: h264, 音频编解码器: aac
分类: 🌊港·澳·台, 名称: 澳視體育, 有效: 1, IPv4: 0, IPv6: 5, 最小延迟: 68 ms, 最高速率: 7.63 MiB/s, 平均速率: 7.63 MiB/s, 最高分辨率: 1920x1080, 平均帧率: 25.0, 视频编解码器: h264, 音频编解码器: aac
分类: 🌊港·澳·台, 名称: 澳門蓮花, 有效: 2, IPv4: 6, IPv6: 8, 最小延迟: 47 ms, 最高速率: 19.61 MiB/s, 平均速率: 10.45 MiB/s, 最高分辨率: 1920x1080, 平均帧率: 27.5, 视频编解码器: h264, 音频编解码器: aac
分类: 🌊港·澳·台, 名称: 鳳凰香港, 有效: 3, IPv4: 3, IPv6: 5, 最小延迟: 27 ms, 最高速率: 86.61 MiB/s, 平均速率: 42.83 MiB/s, 最高分辨率: 1920x1080, 平均帧率: 25.0, 视频编解码器: h264, 音频编解码器: aac
分类: 🌊港·澳·台, 名称: 鳳凰中文, 有效: 2, IPv4: 4, IPv6: 3, 最小延迟: 46 ms, 最高速率: 16.60 MiB/s, 平均速率: 10.54 MiB/s, 最高分辨率: 1920x1080, 平均帧率: 37.5, 视频编解码器: h264, 音频编解码器: aac
分类: 🌊港·澳·台, 名称: 鳳凰衛視, 有效: 0, IPv4: 9, IPv6: 2, 最小延迟: 83 ms, 最高速率: 1.19 MiB/s, 平均速率: 0.00 MiB/s, 最高分辨率: 840x480, 平均帧率: 30.0, 视频编解码器: h264, 音频编解码器: aac
分类: 🌊港·澳·台, 名称: 鳳凰資訊, 有效: 3, IPv4: 4, IPv6: 4, 最小延迟: 46 ms, 最高速率: 15.12 MiB/s, 平均速率: 11.10 MiB/s, 最高分辨率: 1920x1080, 平均帧率: 41.67, 视频编解码器: h264, 音频编解码器: aac
分类: 🌊港·澳·台, 名称: TVBS HD, 有效: 3, IPv4: 11, IPv6: 2, 最小延迟: 205 ms, 最高速率: 2.53 MiB/s, 平均速率: 1.21 MiB/s, 最高分辨率: 1280x760, 平均帧率: 28.32, 视频编解码器: h264, 音频编解码器: aac
分类: 🌊港·澳·台, 名称: TVBS亞洲台, 有效: 4, IPv4: 4, IPv6: 0, 最小延迟: 33 ms, 最高速率: 1.39 MiB/s, 平均速率: 0.95 MiB/s, 最高分辨率: 1920x1080, 平均帧率: 29.97, 视频编解码器: h264, 音频编解码器: aac
分类: 🌊港·澳·台, 名称: TVBS台劇台, 有效: 0, IPv4: 1, IPv6: 0, 最小延迟: — ms, 最高速率: 0.00 MiB/s, 平均速率: 0.00 MiB/s, 最高分辨率: —, 平均帧率: 未知, 视频编解码器: 未知, 音频编解码器: 未知
分类: 🌊港·澳·台, 名称: TVBS歡樂台, 有效: 0, IPv4: 8, IPv6: 1, 最小延迟: 193 ms, 最高速率: 0.50 MiB/s, 平均速率: 0.00 MiB/s, 最高分辨率: 1080x720, 平均帧率: 30.0, 视频编解码器: h264, 音频编解码器: 未知
分类: 🌊港·澳·台, 名称: TVBS新聞台, 有效: 3, IPv4: 14, IPv6: 4, 最小延迟: 50 ms, 最高速率: 1.52 MiB/s, 平均速率: 1.32 MiB/s, 最高分辨率: 1920x1080, 平均帧率: 30.0, 视频编解码器: h264, 音频编解码器: aac
分类: 🌊港·澳·台, 名称: 三立台灣, 有效: 0, IPv4: 4, IPv6: 3, 最小延迟: 46 ms, 最高速率: 0.04 MiB/s, 平均速率: 0.00 MiB/s, 最高分辨率: —, 平均帧率: 未知, 视频编解码器: 未知, 音频编解码器: 未知
分类: 🌊港·澳·台, 名称: 三立新聞, 有效: 3, IPv4: 10, IPv6: 10, 最小延迟: 46 ms, 最高速率: 1.83 MiB/s, 平均速率: 1.23 MiB/s, 最高分辨率: 1920x1080, 平均帧率: 30.0, 视频编解码器: h264, 音频编解码器: aac
分类: 🌊港·澳·台, 名称: 三立綜合, 有效: 0, IPv4: 10, IPv6: 1, 最小延迟: 95 ms, 最高速率: 1.04 MiB/s, 平均速率: 0.00 MiB/s, 最高分辨率: 1080x720, 平均帧率: 30.0, 视频编解码器: h264, 音频编解码器: 未知
分类: 🌊港·澳·台, 名称: 三立都會, 有效: 0, IPv4: 4, IPv6: 0, 最小延迟: — ms, 最高速率: 0.00 MiB/s, 平均速率: 0.00 MiB/s, 最高分辨率: —, 平均帧率: 未知, 视频编解码器: 未知, 音频编解码器: 未知
分类: 🌊港·澳·台, 名称: 三立戲劇, 有效: 1, IPv4: 5, IPv6: 4, 最小延迟: 235 ms, 最高速率: 0.27 MiB/s, 平均速率: 0.27 MiB/s, 最高分辨率: 1280x720, 平均帧率: 25.0, 视频编解码器: h264, 音频编解码器: aac
分类: 🌊港·澳·台, 名称: 八大第一, 有效: 0, IPv4: 6, IPv6: 0, 最小延迟: — ms, 最高速率: 0.00 MiB/s, 平均速率: 0.00 MiB/s, 最高分辨率: —, 平均帧率: 未知, 视频编解码器: 未知, 音频编解码器: 未知
分类: 🌊港·澳·台, 名称: 八大綜合, 有效: 0, IPv4: 5, IPv6: 2, 最小延迟: — ms, 最高速率: 0.00 MiB/s, 平均速率: 0.00 MiB/s, 最高分辨率: —, 平均帧率: 未知, 视频编解码器: 未知, 音频编解码器: 未知
分类: 🌊港·澳·台, 名称: 八大精彩, 有效: 0, IPv4: 3, IPv6: 2, 最小延迟: 1265 ms, 最高速率: 0.05 MiB/s, 平均速率: 0.00 MiB/s, 最高分辨率: —, 平均帧率: 未知, 视频编解码器: 未知, 音频编解码器: 未知
分类: 🌊港·澳·台, 名称: 八大綜藝, 有效: 0, IPv4: 6, IPv6: 1, 最小延迟: 129 ms, 最高速率: 0.04 MiB/s, 平均速率: 0.00 MiB/s, 最高分辨率: —, 平均帧率: 未知, 视频编解码器: 未知, 音频编解码器: 未知
分类: 🌊港·澳·台, 名称: 八大戲劇, 有效: 0, IPv4: 7, IPv6: 2, 最小延迟: 108 ms, 最高速率: 0.00 MiB/s, 平均速率: 0.00 MiB/s, 最高分辨率: —, 平均帧率: 未知, 视频编解码器: 未知, 音频编解码器: 未知
分类: 🌊港·澳·台, 名称: 民視第一, 有效: 0, IPv4: 9, IPv6: 7, 最小延迟: 95 ms, 最高速率: 0.20 MiB/s, 平均速率: 0.00 MiB/s, 最高分辨率: 1080x720, 平均帧率: 30.0, 视频编解码器: h264, 音频编解码器: 未知
分类: 🌊港·澳·台, 名称: 民視綜合, 有效: 2, IPv4: 16, IPv6: 5, 最小延迟: 95 ms, 最高速率: 2.80 MiB/s, 平均速率: 2.21 MiB/s, 最高分辨率: 1920x1080, 平均帧率: 27.5, 视频编解码器: h264, 音频编解码器: aac
分类: 🌊港·澳·台, 名称: 民視台灣, 有效: 0, IPv4: 8, IPv6: 6, 最小延迟: 96 ms, 最高速率: 0.52 MiB/s, 平均速率: 0.00 MiB/s, 最高分辨率: 1080x720, 平均帧率: 30.0, 视频编解码器: h264, 音频编解码器: 未知
分类: 🌊港·澳·台, 名称: 民視影劇, 有效: 0, IPv4: 7, IPv6: 2, 最小延迟: 107 ms, 最高速率: 0.08 MiB/s, 平均速率: 0.00 MiB/s, 最高分辨率: —, 平均帧率: 未知, 视频编解码器: 未知, 音频编解码器: 未知
分类: 🌊港·澳·台, 名称: 民視綜藝, 有效: 0, IPv4: 10, IPv6: 2, 最小延迟: 105 ms, 最高速率: 1.06 MiB/s, 平均速率: 0.00 MiB/s, 最高分辨率: 1080x720, 平均帧率: 30.0, 视频编解码器: h264, 音频编解码器: 未知
分类: 🌊港·澳·台, 名称: 民視旅遊, 有效: 0, IPv4: 3, IPv6: 1, 最小延迟: 140 ms, 最高速率: 0.04 MiB/s, 平均速率: 0.00 MiB/s, 最高分辨率: —, 平均帧率: 未知, 视频编解码器: 未知, 音频编解码器: 未知
分类: 🌊港·澳·台, 名称: 民視新聞, 有效: 4, IPv4: 5, IPv6: 1, 最小延迟: 35 ms, 最高速率: 1.73 MiB/s, 平均速率: 1.20 MiB/s, 最高分辨率: 1920x1080, 平均帧率: 29.97, 视频编解码器: h264, 音频编解码器: aac
分类: 🌊港·澳·台, 名称: 民視閩南, 有效: 0, IPv4: 3, IPv6: 0, 最小延迟: — ms, 最高速率: 0.00 MiB/s, 平均速率: 0.00 MiB/s, 最高分辨率: —, 平均帧率: 未知, 视频编解码器: 未知, 音频编解码器: 未知
分类: 🌊港·澳·台, 名称: 東森綜合, 有效: 1, IPv4: 9, IPv6: 4, 最小延迟: 46 ms, 最高速率: 1.31 MiB/s, 平均速率: 1.31 MiB/s, 最高分辨率: 1280x720, 平均帧率: 30.0, 视频编解码器: h264, 音频编解码器: aac
分类: 🌊港·澳·台, 名称: 東森超視, 有效: 2, IPv4: 6, IPv6: 6, 最小延迟: 34 ms, 最高速率: 2.81 MiB/s, 平均速率: 2.23 MiB/s, 最高分辨率: 1920x1080, 平均帧率: 29.97, 视频编解码器: h264, 音频编解码器: aac
分类: 🌊港·澳·台, 名称: 東森戲劇, 有效: 0, IPv4: 7, IPv6: 2, 最小延迟: 98 ms, 最高速率: 0.00 MiB/s, 平均速率: 0.00 MiB/s, 最高分辨率: —, 平均帧率: 未知, 视频编解码器: 未知, 音频编解码器: 未知
分类: 🌊港·澳·台, 名称: 靖天綜合, 有效: 0, IPv4: 4, IPv6: 2, 最小延迟: 577 ms, 最高速率: 0.19 MiB/s, 平均速率: 0.00 MiB/s, 最高分辨率: —, 平均帧率: 未知, 视频编解码器: 未知, 音频编解码器: 未知
分类: 🌊港·澳·台, 名称: 靖天資訊, 有效: 0, IPv4: 4, IPv6: 3, 最小延迟: 238 ms, 最高速率: 0.47 MiB/s, 平均速率: 0.00 MiB/s, 最高分辨率: 1080x720, 平均帧率: 30.0, 视频编解码器: h264, 音频编解码器: 未知
分类: 🌊港·澳·台, 名称: 靖天映畫, 有效: 0, IPv4: 7, IPv6: 4, 最小延迟: 193 ms, 最高速率: 0.52 MiB/s, 平均速率: 0.00 MiB/s, 最高分辨率: 1080x720, 平均帧率: 30.0, 视频编解码器: h264, 音频编解码器: 未知
分类: 🌊港·澳·台, 名称: 靖天戲劇, 有效: 0, IPv4: 7, IPv6: 3, 最小延迟: 193 ms, 最高速率: 1.01 MiB/s, 平均速率: 0.00 MiB/s, 最高分辨率: 1080x720, 平均帧率: 30.0, 视频编解码器: h264, 音频编解码器: 未知
分类: 🌊港·澳·台, 名称: 靖天育樂, 有效: 0, IPv4: 5, IPv6: 2, 最小延迟: 194 ms, 最高速率: 1.01 MiB/s, 平均速率: 0.00 MiB/s, 最高分辨率: 1080x720, 平均帧率: 30.0, 视频编解码器: h264, 音频编解码器: 未知
分类: 🌊港·澳·台, 名称: 龍華影劇, 有效: 2, IPv4: 7, IPv6: 4, 最小延迟: 66 ms, 最高速率: 5.89 MiB/s, 平均速率: 3.32 MiB/s, 最高分辨率: 1920x1080, 平均帧率: 30.0, 视频编解码器: h264, 音频编解码器: aac
分类: 🌊港·澳·台, 名称: 彭博電視, 有效: 5, IPv4: 10, IPv6: 2, 最小延迟: 70 ms, 最高速率: 5.75 MiB/s, 平均速率: 3.10 MiB/s, 最高分辨率: 1920x1080, 平均帧率: 59.94, 视频编解码器: h264, 音频编解码器: aac
分类: 🎬电影频道, 名称: CHC家庭影院, 有效: 5, IPv4: 7, IPv6: 0, 最小延迟: 42 ms, 最高速率: 11.96 MiB/s, 平均速率: 5.59 MiB/s, 最高分辨率: 1920x1080, 平均帧率: 33.0, 视频编解码器: h264, 音频编解码器: aac
分类: 🎬电影频道, 名称: CHC动作电影, 有效: 2, IPv4: 3, IPv6: 1, 最小延迟: 32 ms, 最高速率: 22.92 MiB/s, 平均速率: 22.22 MiB/s, 最高分辨率: 1920x1080, 平均帧率: 25.0, 视频编解码器: h264, 音频编解码器: aac
分类: 🎬电影频道, 名称: CHC影迷电影, 有效: 2, IPv4: 13, IPv6: 1, 最小延迟: 32 ms, 最高速率: 34.05 MiB/s, 平均速率: 29.16 MiB/s, 最高分辨率: 1920x1080, 平均帧率: 25.0, 视频编解码器: h264, 音频编解码器: aac
分类: 🎬电影频道, 名称: 香港電影, 有效: 0, IPv4: 1, IPv6: 1, 最小延迟: — ms, 最高速率: 0.00 MiB/s, 平均速率: 0.00 MiB/s, 最高分辨率: —, 平均帧率: 未知, 视频编解码器: 未知, 音频编解码器: 未知
分类: 🎬电影频道, 名称: 美亞電影, 有效: 3, IPv4: 12, IPv6: 2, 最小延迟: 186 ms, 最高速率: 2.78 MiB/s, 平均速率: 1.73 MiB/s, 最高分辨率: 1920x1080, 平均帧率: 25.0, 视频编解码器: h264, 音频编解码器: aac
分类: 🎬电影频道, 名称: 緯來電影, 有效: 0, IPv4: 11, IPv6: 1, 最小延迟: 426 ms, 最高速率: 0.09 MiB/s, 平均速率: 0.00 MiB/s, 最高分辨率: —, 平均帧率: 未知, 视频编解码器: 未知, 音频编解码器: 未知
分类: 🎬电影频道, 名称: 靖天電影, 有效: 0, IPv4: 12, IPv6: 3, 最小延迟: 77 ms, 最高速率: 0.20 MiB/s, 平均速率: 0.00 MiB/s, 最高分辨率: —, 平均帧率: 未知, 视频编解码器: 未知, 音频编解码器: 未知
分类: 🎬电影频道, 名称: 龍華電影, 有效: 2, IPv4: 14, IPv6: 7, 最小延迟: 71 ms, 最高速率: 6.30 MiB/s, 平均速率: 5.98 MiB/s, 最高分辨率: 1920x1080, 平均帧率: 30.0, 视频编解码器: h264, 音频编解码器: aac
分类: 🎬电影频道, 名称: 東森電影, 有效: 2, IPv4: 15, IPv6: 14, 最小延迟: 47 ms, 最高速率: 1.09 MiB/s, 平均速率: 1.07 MiB/s, 最高分辨率: 1280x720, 平均帧率: 30.0, 视频编解码器: h264, 音频编解码器: aac
分类: 🎬电影频道, 名称: 湖南电影, 有效: 2, IPv4: 4, IPv6: 8, 最小延迟: 38 ms, 最高速率: 12.61 MiB/s, 平均速率: 6.56 MiB/s, 最高分辨率: 1920x1080, 平均帧率: 37.5, 视频编解码器: h264, 音频编解码器: aac
分类: 🎬电影频道, 名称: 黑莓电影, 有效: 0, IPv4: 14, IPv6: 13, 最小延迟: 98 ms, 最高速率: 0.00 MiB/s, 平均速率: 0.00 MiB/s, 最高分辨率: —, 平均帧率: 未知, 视频编解码器: 未知, 音频编解码器: 未知
分类: 🎬电影频道, 名称: 经典电影, 有效: 0, IPv4: 24, IPv6: 18, 最小延迟: 46 ms, 最高速率: 0.21 MiB/s, 平均速率: 0.00 MiB/s, 最高分辨率: 1080x720, 平均帧率: 30.0, 视频编解码器: h264, 音频编解码器: 未知
分类: 🎬电影频道, 名称: 天映经典, 有效: 4, IPv4: 2, IPv6: 10, 最小延迟: 49 ms, 最高速率: 24.04 MiB/s, 平均速率: 11.68 MiB/s, 最高分辨率: 1920x1080, 平均帧率: 40.0, 视频编解码器: h264, 音频编解码器: aac
分类: 🎬电影频道, 名称: AMC电影, 有效: 0, IPv4: 5, IPv6: 2, 最小延迟: 556 ms, 最高速率: 0.19 MiB/s, 平均速率: 0.00 MiB/s, 最高分辨率: —, 平均帧率: 未知, 视频编解码器: 未知, 音频编解码器: 未知
分类: 🎬电影频道, 名称: HBO, 有效: 0, IPv4: 17, IPv6: 0, 最小延迟: 484 ms, 最高速率: 0.00 MiB/s, 平均速率: 0.00 MiB/s, 最高分辨率: —, 平均帧率: 未知, 视频编解码器: 未知, 音频编解码器: 未知
分类: 🪁动画频道, 名称: 猫和老鼠, 有效: 0, IPv4: 3, IPv6: 3, 最小延迟: 63 ms, 最高速率: 0.09 MiB/s, 平均速率: 0.00 MiB/s, 最高分辨率: —, 平均帧率: 未知, 视频编解码器: 未知, 音频编解码器: 未知
分类: 🪁动画频道, 名称: 蜡笔小新, 有效: 0, IPv4: 1, IPv6: 1, 最小延迟: — ms, 最高速率: 0.00 MiB/s, 平均速率: 0.00 MiB/s, 最高分辨率: —, 平均帧率: 未知, 视频编解码器: 未知, 音频编解码器: 未知
分类: 🪁动画频道, 名称: 名侦探柯南, 有效: 0, IPv4: 3, IPv6: 1, 最小延迟: — ms, 最高速率: 0.00 MiB/s, 平均速率: 0.00 MiB/s, 最高分辨率: —, 平均帧率: 未知, 视频编解码器: 未知, 音频编解码器: 未知
分类: 🪁动画频道, 名称: 金鹰卡通, 有效: 1, IPv4: 67, IPv6: 59, 最小延迟: 100 ms, 最高速率: 2.51 MiB/s, 平均速率: 2.51 MiB/s, 最高分辨率: 1280x720, 平均帧率: 33.33, 视频编解码器: h264, 音频编解码器: mp2
分类: 🪁动画频道, 名称: 靖天卡通, 有效: 1, IPv4: 6, IPv6: 2, 最小延迟: 688 ms, 最高速率: 1.55 MiB/s, 平均速率: 1.55 MiB/s, 最高分辨率: 1920x1080, 平均帧率: 30.0, 视频编解码器: h264, 音频编解码器: aac
分类: 🪁动画频道, 名称: 黑莓动画, 有效: 0, IPv4: 9, IPv6: 1, 最小延迟: 331 ms, 最高速率: 0.08 MiB/s, 平均速率: 0.00 MiB/s, 最高分辨率: —, 平均帧率: 未知, 视频编解码器: 未知, 音频编解码器: 未知
分类: 🪁动画频道, 名称: 动漫秀场, 有效: 1, IPv4: 17, IPv6: 41, 最小延迟: 35 ms, 最高速率: 3.68 MiB/s, 平均速率: 3.68 MiB/s, 最高分辨率: 1280x720, 平均帧率: 30.0, 视频编解码器: h264, 音频编解码器: aac
分类: 🪁动画频道, 名称: 哈哈炫动, 有效: 2, IPv4: 6, IPv6: 7, 最小延迟: 47 ms, 最高速率: 6.71 MiB/s, 平均速率: 3.47 MiB/s, 最高分辨率: 1920x1080, 平均帧率: 42.5, 视频编解码器: h264, 音频编解码器: aac
分类: 🇺🇸美国频道, 名称: ABC, 有效: 0, IPv4: 1, IPv6: 0, 最小延迟: — ms, 最高速率: 0.00 MiB/s, 平均速率: 0.00 MiB/s, 最高分辨率: —, 平均帧率: 未知, 视频编解码器: 未知, 音频编解码器: 未知
分类: 🇺🇸美国频道, 名称: CBS, 有效: 0, IPv4: 2, IPv6: 0, 最小延迟: — ms, 最高速率: 0.00 MiB/s, 平均速率: 0.00 MiB/s, 最高分辨率: —, 平均帧率: 未知, 视频编解码器: 未知, 音频编解码器: 未知
分类: 🇺🇸美国频道, 名称: NBC, 有效: 0, IPv4: 4, IPv6: 1, 最小延迟: — ms, 最高速率: 0.00 MiB/s, 平均速率: 0.00 MiB/s, 最高分辨率: 1920x1080, 平均帧率: 29.97, 视频编解码器: 未知, 音频编解码器: 未知
分类: 🇺🇸美国频道, 名称: NBC News, 有效: 2, IPv4: 2, IPv6: 2, 最小延迟: 22 ms, 最高速率: 26.97 MiB/s, 平均速率: 18.07 MiB/s, 最高分辨率: 1920x1080, 平均帧率: 30.0, 视频编解码器: h264, 音频编解码器: aac
分类: 🇺🇸美国频道, 名称: NBC Sports, 有效: 1, IPv4: 1, IPv6: 1, 最小延迟: 143 ms, 最高速率: 11.21 MiB/s, 平均速率: 11.21 MiB/s, 最高分辨率: 1920x1080, 平均帧率: 30.0, 视频编解码器: 未知, 音频编解码器: 未知
分类: 🇺🇸美国频道, 名称: FOX, 有效: 3, IPv4: 5, IPv6: 0, 最小延迟: 105 ms, 最高速率: 1.49 MiB/s, 平均速率: 0.99 MiB/s, 最高分辨率: 1920x1080, 平均帧率: 46.65, 视频编解码器: 未知, 音频编解码器: 未知
分类: 🇺🇸美国频道, 名称: FOX Sports 1, 有效: 2, IPv4: 3, IPv6: 0, 最小延迟: 195 ms, 最高速率: 2.56 MiB/s, 平均速率: 1.58 MiB/s, 最高分辨率: 1920x1080, 平均帧率: 44.95, 视频编解码器: 未知, 音频编解码器: 未知
分类: 🇺🇸美国频道, 名称: FOX Sports 2, 有效: 0, IPv4: 2, IPv6: 0, 最小延迟: — ms, 最高速率: 0.00 MiB/s, 平均速率: 0.00 MiB/s, 最高分辨率: —, 平均帧率: 未知, 视频编解码器: 未知, 音频编解码器: 未知
分类: 🇺🇸美国频道, 名称: AMC, 有效: 2, IPv4: 7, IPv6: 0, 最小延迟: 29 ms, 最高速率: 3.54 MiB/s, 平均速率: 2.85 MiB/s, 最高分辨率: 1920x1080, 平均帧率: 37.46, 视频编解码器: mpeg2video, 音频编解码器: mp2
分类: 🇺🇸美国频道, 名称: FX, 有效: 4, IPv4: 6, IPv6: 0, 最小延迟: 39 ms, 最高速率: 13.52 MiB/s, 平均速率: 4.26 MiB/s, 最高分辨率: 1920x1080, 平均帧率: 37.46, 视频编解码器: h264, 音频编解码器: aac
分类: 🇺🇸美国频道, 名称: ESPN, 有效: 2, IPv4: 7, IPv6: 0, 最小延迟: 199 ms, 最高速率: 0.86 MiB/s, 平均速率: 0.73 MiB/s, 最高分辨率: 1920x1080, 平均帧率: 59.94, 视频编解码器: h264, 音频编解码器: aac
分类: 🇺🇸美国频道, 名称: National Geographic, 有效: 4, IPv4: 7, IPv6: 0, 最小延迟: 30 ms, 最高速率: 21.07 MiB/s, 平均速率: 10.33 MiB/s, 最高分辨率: 1920x1080, 平均帧率: 36.22, 视频编解码器: mpeg2video, 音频编解码器: mp2
分类: 🇺🇸美国频道, 名称: Disney Channel, 有效: 2, IPv4: 5, IPv6: 0, 最小延迟: 99 ms, 最高速率: 2.39 MiB/s, 平均速率: 1.93 MiB/s, 最高分辨率: 1920x1080, 平均帧率: 44.98, 视频编解码器: 未知, 音频编解码器: 未知
分类: ☘️广东频道, 名称: 广东珠江, 有效: 5, IPv4: 4, IPv6: 3, 最小延迟: 40 ms, 最高速率: 7.24 MiB/s, 平均速率: 3.65 MiB/s, 最高分辨率: 1920x1080, 平均帧率: 32.0, 视频编解码器: h264, 音频编解码器: aac
分类: ☘️广东频道, 名称: 广东体育, 有效: 3, IPv4: 2, IPv6: 7, 最小延迟: 45 ms, 最高速率: 19.36 MiB/s, 平均速率: 14.17 MiB/s, 最高分辨率: 1920x1080, 平均帧率: 25.0, 视频编解码器: h264, 音频编解码器: mp2
分类: ☘️广东频道, 名称: 广东新闻, 有效: 3, IPv4: 4, IPv6: 2, 最小延迟: 32 ms, 最高速率: 4.11 MiB/s, 平均速率: 2.96 MiB/s, 最高分辨率: 1280x720, 平均帧率: 25.0, 视频编解码器: h264, 音频编解码器: aac
分类: ☘️广东频道, 名称: 广东民生, 有效: 2, IPv4: 2, IPv6: 0, 最小延迟: 31 ms, 最高速率: 10.24 MiB/s, 平均速率: 7.04 MiB/s, 最高分辨率: 1280x720, 平均帧率: 45.0, 视频编解码器: h264, 音频编解码器: aac
分类: ☘️广东频道, 名称: 大湾区卫视, 有效: 4, IPv4: 5, IPv6: 0, 最小延迟: 46 ms, 最高速率: 8.59 MiB/s, 平均速率: 8.12 MiB/s, 最高分辨率: 1920x1080, 平均帧率: 25.0, 视频编解码器: h264, 音频编解码器: aac
分类: ☘️广东频道, 名称: 广州综合, 有效: 7, IPv4: 5, IPv6: 2, 最小延迟: 243 ms, 最高速率: 1.07 MiB/s, 平均速率: 0.51 MiB/s, 最高分辨率: 1280x720, 平均帧率: 25.0, 视频编解码器: h264, 音频编解码器: aac
分类: ☘️广东频道, 名称: 广州影视, 有效: 0, IPv4: 14, IPv6: 26, 最小延迟: 310 ms, 最高速率: 0.18 MiB/s, 平均速率: 0.00 MiB/s, 最高分辨率: —, 平均帧率: 未知, 视频编解码器: 未知, 音频编解码器: 未知
分类: ☘️广东频道, 名称: 广州竞赛, 有效: 0, IPv4: 13, IPv6: 43, 最小延迟: 896 ms, 最高速率: 0.00 MiB/s, 平均速率: 0.00 MiB/s, 最高分辨率: —, 平均帧率: 未知, 视频编解码器: 未知, 音频编解码器: 未知
分类: ☘️广东频道, 名称: 江门综合, 有效: 1, IPv4: 5, IPv6: 13, 最小延迟: 106 ms, 最高速率: 0.51 MiB/s, 平均速率: 0.51 MiB/s, 最高分辨率: 1920x1080, 平均帧率: 25.0, 视频编解码器: h264, 音频编解码器: mp2
分类: ☘️广东频道, 名称: 佛山综合, 有效: 0, IPv4: 7, IPv6: 21, 最小延迟: 100 ms, 最高速率: 0.46 MiB/s, 平均速率: 0.00 MiB/s, 最高分辨率: —, 平均帧率: 25.0, 视频编解码器: h264, 音频编解码器: mp2
分类: ☘️福建频道, 名称: 福建文体, 有效: 4, IPv4: 5, IPv6: 0, 最小延迟: 117 ms, 最高速率: 14.13 MiB/s, 平均速率: 11.56 MiB/s, 最高分辨率: 1920x1080, 平均帧率: 30.0, 视频编解码器: h264, 音频编解码器: aac
分类: ☘️福建频道, 名称: 福建新闻, 有效: 5, IPv4: 10, IPv6: 0, 最小延迟: 50 ms, 最高速率: 9.79 MiB/s, 平均速率: 5.81 MiB/s, 最高分辨率: 1920x1080, 平均帧率: 28.75, 视频编解码器: h264, 音频编解码器: aac
分类: ☘️福建频道, 名称: 福建电视剧, 有效: 5, IPv4: 7, IPv6: 3, 最小延迟: 34 ms, 最高速率: 14.75 MiB/s, 平均速率: 12.91 MiB/s, 最高分辨率: 1920x1080, 平均帧率: 29.0, 视频编解码器: h264, 音频编解码器: aac
分类: ☘️福建频道, 名称: 福建经济, 有效: 1, IPv4: 4, IPv6: 5, 最小延迟: 55 ms, 最高速率: 1.08 MiB/s, 平均速率: 1.08 MiB/s, 最高分辨率: —, 平均帧率: 未知, 视频编解码器: 未知, 音频编解码器: aac
分类: ☘️福建频道, 名称: 福建综合, 有效: 2, IPv4: 6, IPv6: 5, 最小延迟: 48 ms, 最高速率: 13.13 MiB/s, 平均速率: 8.18 MiB/s, 最高分辨率: 1920x1080, 平均帧率: 27.5, 视频编解码器: h264, 音频编解码器: aac
分类: ☘️福建频道, 名称: 福建公共, 有效: 1, IPv4: 2, IPv6: 0, 最小延迟: 122 ms, 最高速率: 13.76 MiB/s, 平均速率: 13.76 MiB/s, 最高分辨率: 1920x1080, 平均帧率: 30.0, 视频编解码器: h264, 音频编解码器: aac
分类: ☘️福建频道, 名称: 福建旅游, 有效: 2, IPv4: 2, IPv6: 0, 最小延迟: 109 ms, 最高速率: 14.02 MiB/s, 平均速率: 14.00 MiB/s, 最高分辨率: 1920x1080, 平均帧率: 30.0, 视频编解码器: h264, 音频编解码器: aac
分类: ☘️福建频道, 名称: 福建经视, 有效: 2, IPv4: 2, IPv6: 0, 最小延迟: 94 ms, 最高速率: 15.67 MiB/s, 平均速率: 10.30 MiB/s, 最高分辨率: 1920x1080, 平均帧率: 30.0, 视频编解码器: h264, 音频编解码器: aac
分类: ☘️福建频道, 名称: 福建少儿, 有效: 3, IPv4: 6, IPv6: 5, 最小延迟: 48 ms, 最高速率: 15.22 MiB/s, 平均速率: 11.30 MiB/s, 最高分辨率: 1920x1080, 平均帧率: 28.33, 视频编解码器: h264, 音频编解码器: aac
分类: ☘️福建频道, 名称: 福建海峡卫视, 有效: 3, IPv4: 3, IPv6: 0, 最小延迟: 33 ms, 最高速率: 1.85 MiB/s, 平均速率: 1.43 MiB/s, 最高分辨率: 1920x1080, 平均帧率: 29.97, 视频编解码器: h264, 音频编解码器: aac
分类: ☘️福建频道, 名称: 三明新闻综合, 有效: 0, IPv4: 0, IPv6: 2, 最小延迟: 735 ms, 最高速率: 0.07 MiB/s, 平均速率: 0.00 MiB/s, 最高分辨率: —, 平均帧率: 未知, 视频编解码器: 未知, 音频编解码器: 未知
分类: ☘️福建频道, 名称: 云霄综合, 有效: 0, IPv4: 0, IPv6: 4, 最小延迟: 429 ms, 最高速率: 0.16 MiB/s, 平均速率: 0.00 MiB/s, 最高分辨率: —, 平均帧率: 未知, 视频编解码器: 未知, 音频编解码器: 未知
分类: ☘️福建频道, 名称: 漳州新闻综合, 有效: 0, IPv4: 2, IPv6: 3, 最小延迟: — ms, 最高速率: 0.00 MiB/s, 平均速率: 0.00 MiB/s, 最高分辨率: —, 平均帧率: 未知, 视频编解码器: 未知, 音频编解码器: 未知
分类: ☘️福建频道, 名称: 福州综合, 有效: 0, IPv4: 1, IPv6: 1, 最小延迟: 291 ms, 最高速率: 0.29 MiB/s, 平均速率: 0.00 MiB/s, 最高分辨率: 1920x1080, 平均帧率: 25.0, 视频编解码器: h264, 音频编解码器: aac
分类: ☘️福建频道, 名称: 福州生活, 有效: 0, IPv4: 0, IPv6: 1, 最小延迟: 1075 ms, 最高速率: 0.06 MiB/s, 平均速率: 0.00 MiB/s, 最高分辨率: —, 平均帧率: 未知, 视频编解码器: 未知, 音频编解码器: 未知
分类: ☘️福建频道, 名称: 福州少儿, 有效: 0, IPv4: 0, IPv6: 1, 最小延迟: 495 ms, 最高速率: 0.25 MiB/s, 平均速率: 0.00 MiB/s, 最高分辨率: 1920x1080, 平均帧率: 25.0, 视频编解码器: h264, 音频编解码器: aac
分类: ☘️广西频道, 名称: 广西国际, 有效: 4, IPv4: 5, IPv6: 0, 最小延迟: 48 ms, 最高速率: 9.44 MiB/s, 平均速率: 8.38 MiB/s, 最高分辨率: 1920x1080, 平均帧率: 25.0, 视频编解码器: h264, 音频编解码器: aac
分类: ☘️广西频道, 名称: 广西新闻, 有效: 4, IPv4: 5, IPv6: 0, 最小延迟: 49 ms, 最高速率: 8.12 MiB/s, 平均速率: 4.79 MiB/s, 最高分辨率: 1920x1080, 平均帧率: 25.0, 视频编解码器: h264, 音频编解码器: aac
分类: ☘️广西频道, 名称: 广西影视, 有效: 4, IPv4: 6, IPv6: 0, 最小延迟: 49 ms, 最高速率: 4.58 MiB/s, 平均速率: 3.99 MiB/s, 最高分辨率: 1920x1080, 平均帧率: 25.0, 视频编解码器: h264, 音频编解码器: aac
分类: ☘️广西频道, 名称: 南宁新闻综合, 有效: 0, IPv4: 8, IPv6: 3, 最小延迟: 532 ms, 最高速率: 0.14 MiB/s, 平均速率: 0.00 MiB/s, 最高分辨率: —, 平均帧率: 未知, 视频编解码器: 未知, 音频编解码器: 未知
分类: ☘️广西频道, 名称: 南宁都市生活, 有效: 1, IPv4: 4, IPv6: 5, 最小延迟: 431 ms, 最高速率: 0.38 MiB/s, 平均速率: 0.38 MiB/s, 最高分辨率: 1280x720, 平均帧率: 25.0, 视频编解码器: h264, 音频编解码器: aac
分类: ☘️广西频道, 名称: 南宁影视娱乐, 有效: 1, IPv4: 2, IPv6: 0, 最小延迟: 423 ms, 最高速率: 0.39 MiB/s, 平均速率: 0.39 MiB/s, 最高分辨率: 1280x720, 平均帧率: 25.0, 视频编解码器: h264, 音频编解码器: aac
分类: ☘️广西频道, 名称: 南宁公共, 有效: 0, IPv4: 7, IPv6: 5, 最小延迟: — ms, 最高速率: 0.00 MiB/s, 平均速率: 0.00 MiB/s, 最高分辨率: —, 平均帧率: 未知, 视频编解码器: 未知, 音频编解码器: 未知
分类: ☘️浙江频道, 名称: 浙江钱江, 有效: 2, IPv4: 4, IPv6: 8, 最小延迟: 244 ms, 最高速率: 0.46 MiB/s, 平均速率: 0.36 MiB/s, 最高分辨率: 1920x1080, 平均帧率: 25.0, 视频编解码器: h264, 音频编解码器: aac
分类: ☘️浙江频道, 名称: 浙江生活, 有效: 3, IPv4: 8, IPv6: 3, 最小延迟: 195 ms, 最高速率: 0.66 MiB/s, 平均速率: 0.48 MiB/s, 最高分辨率: 1920x1080, 平均帧率: 27.78, 视频编解码器: h264, 音频编解码器: aac
分类: ☘️浙江频道, 名称: 浙江教育, 有效: 1, IPv4: 13, IPv6: 1, 最小延迟: 96 ms, 最高速率: 0.47 MiB/s, 平均速率: 0.29 MiB/s, 最高分辨率: 1920x1080, 平均帧率: 25.0, 视频编解码器: h264, 音频编解码器: aac
分类: ☘️浙江频道, 名称: 浙江民生, 有效: 2, IPv4: 3, IPv6: 7, 最小延迟: 294 ms, 最高速率: 1.16 MiB/s, 平均速率: 0.75 MiB/s, 最高分辨率: 1920x1080, 平均帧率: 25.0, 视频编解码器: h264, 音频编解码器: aac
分类: ☘️浙江频道, 名称: 浙江新闻, 有效: 3, IPv4: 5, IPv6: 1, 最小延迟: 281 ms, 最高速率: 0.70 MiB/s, 平均速率: 0.49 MiB/s, 最高分辨率: 1920x1080, 平均帧率: 25.0, 视频编解码器: h264, 音频编解码器: aac
分类: ☘️浙江频道, 名称: 浙江国际, 有效: 2, IPv4: 11, IPv6: 15, 最小延迟: 193 ms, 最高速率: 0.59 MiB/s, 平均速率: 0.44 MiB/s, 最高分辨率: 1920x1080, 平均帧率: 25.0, 视频编解码器: h264, 音频编解码器: aac
分类: ☘️浙江频道, 名称: 浙江少儿, 有效: 1, IPv4: 21, IPv6: 20, 最小延迟: 87 ms, 最高速率: 0.53 MiB/s, 平均速率: 0.53 MiB/s, 最高分辨率: 1920x1080, 平均帧率: 25.0, 视频编解码器: h264, 音频编解码器: aac
分类: ☘️浙江频道, 名称: 杭州综合, 有效: 0, IPv4: 8, IPv6: 2, 最小延迟: 510 ms, 最高速率: 0.50 MiB/s, 平均速率: 0.00 MiB/s, 最高分辨率: —, 平均帧率: 25.0, 视频编解码器: h264, 音频编解码器: mp2
分类: ☘️浙江频道, 名称: 杭州明珠, 有效: 0, IPv4: 3, IPv6: 4, 最小延迟: — ms, 最高速率: 0.00 MiB/s, 平均速率: 0.00 MiB/s, 最高分辨率: —, 平均帧率: 未知, 视频编解码器: 未知, 音频编解码器: 未知
分类: ☘️浙江频道, 名称: 杭州生活, 有效: 0, IPv4: 3, IPv6: 3, 最小延迟: — ms, 最高速率: 0.00 MiB/s, 平均速率: 0.00 MiB/s, 最高分辨率: —, 平均帧率: 未知, 视频编解码器: 未知, 音频编解码器: 未知
分类: ☘️浙江频道, 名称: 杭州影视, 有效: 0, IPv4: 2, IPv6: 1, 最小延迟: — ms, 最高速率: 0.00 MiB/s, 平均速率: 0.00 MiB/s, 最高分辨率: —, 平均帧率: 未知, 视频编解码器: 未知, 音频编解码器: 未知
分类: ☘️浙江频道, 名称: 杭州导视, 有效: 0, IPv4: 2, IPv6: 0, 最小延迟: — ms, 最高速率: 0.00 MiB/s, 平均速率: 0.00 MiB/s, 最高分辨率: —, 平均帧率: 未知, 视频编解码器: 未知, 音频编解码器: 未知
分类: ☘️浙江频道, 名称: 中国蓝新闻, 有效: 0, IPv4: 3, IPv6: 0, 最小延迟: 286 ms, 最高速率: 0.36 MiB/s, 平均速率: 0.00 MiB/s, 最高分辨率: 1920x1080, 平均帧率: 25.0, 视频编解码器: h264, 音频编解码器: aac
分类: ☘️浙江频道, 名称: 东阳影视生活, 有效: 0, IPv4: 1, IPv6: 0, 最小延迟: — ms, 最高速率: 0.00 MiB/s, 平均速率: 0.00 MiB/s, 最高分辨率: —, 平均帧率: 未知, 视频编解码器: 未知, 音频编解码器: 未知
分类: ☘️浙江频道, 名称: 上虞文化影院, 有效: 1, IPv4: 7, IPv6: 13, 最小延迟: 228 ms, 最高速率: 0.21 MiB/s, 平均速率: 0.21 MiB/s, 最高分辨率: 1280x720, 平均帧率: 25.0, 视频编解码器: h264, 音频编解码器: aac
分类: ☘️北京频道, 名称: 北京生活, 有效: 1, IPv4: 11, IPv6: 1, 最小延迟: 41 ms, 最高速率: 4.65 MiB/s, 平均速率: 4.65 MiB/s, 最高分辨率: 1920x1080, 平均帧率: 25.0, 视频编解码器: h264, 音频编解码器: aac
分类: ☘️北京频道, 名称: 北京体育休闲, 有效: 1, IPv4: 2, IPv6: 0, 最小延迟: 61 ms, 最高速率: 1.49 MiB/s, 平均速率: 1.49 MiB/s, 最高分辨率: 1920x1080, 平均帧率: 25.0, 视频编解码器: h264, 音频编解码器: aac
分类: ☘️北京频道, 名称: 北京新闻, 有效: 3, IPv4: 10, IPv6: 4, 最小延迟: 34 ms, 最高速率: 2.59 MiB/s, 平均速率: 1.24 MiB/s, 最高分辨率: 1920x1080, 平均帧率: 25.0, 视频编解码器: rawvideo, 音频编解码器: aac
分类: ☘️北京频道, 名称: 北京科教, 有效: 0, IPv4: 3, IPv6: 0, 最小延迟: 60 ms, 最高速率: 2.33 MiB/s, 平均速率: 0.00 MiB/s, 最高分辨率: 1920x1080, 平均帧率: 25.0, 视频编解码器: rawvideo, 音频编解码器: aac
分类: ☘️北京频道, 名称: 北京财经, 有效: 1, IPv4: 13, IPv6: 1, 最小延迟: 40 ms, 最高速率: 4.97 MiB/s, 平均速率: 4.97 MiB/s, 最高分辨率: 1920x1080, 平均帧率: 25.0, 视频编解码器: h264, 音频编解码器: aac
分类: ☘️北京频道, 名称: 北京影院, 有效: 1, IPv4: 4, IPv6: 1, 最小延迟: 33 ms, 最高速率: 12.26 MiB/s, 平均速率: 12.26 MiB/s, 最高分辨率: 1920x1080, 平均帧率: 25.0, 视频编解码器: h264, 音频编解码器: aac
分类: ☘️北京频道, 名称: 北京青年, 有效: 0, IPv4: 4, IPv6: 0, 最小延迟: 39 ms, 最高速率: 2.05 MiB/s, 平均速率: 0.00 MiB/s, 最高分辨率: 19x24, 平均帧率: 25.0, 视频编解码器: rawvideo, 音频编解码器: 未知
分类: ☘️北京频道, 名称: 北京纪实, 有效: 0, IPv4: 3, IPv6: 0, 最小延迟: — ms, 最高速率: 0.00 MiB/s, 平均速率: 0.00 MiB/s, 最高分辨率: —, 平均帧率: 未知, 视频编解码器: 未知, 音频编解码器: 未知
分类: ☘️上海频道, 名称: 七彩戏剧, 有效: 0, IPv4: 6, IPv6: 1, 最小延迟: — ms, 最高速率: 0.00 MiB/s, 平均速率: 0.00 MiB/s, 最高分辨率: —, 平均帧率: 未知, 视频编解码器: 未知, 音频编解码器: 未知
分类: ☘️上海频道, 名称: 欢笑剧场, 有效: 1, IPv4: 14, IPv6: 4, 最小延迟: 47 ms, 最高速率: 9.55 MiB/s, 平均速率: 9.55 MiB/s, 最高分辨率: 1920x1080, 平均帧率: 27.5, 视频编解码器: mpeg2video, 音频编解码器: aac
分类: ☘️上海频道, 名称: 都市剧场, 有效: 4, IPv4: 6, IPv6: 3, 最小延迟: 31 ms, 最高速率: 14.83 MiB/s, 平均速率: 7.28 MiB/s, 最高分辨率: 1920x1080, 平均帧率: 26.67, 视频编解码器: h264, 音频编解码器: aac
分类: ☘️上海频道, 名称: 东方影视, 有效: 2, IPv4: 6, IPv6: 5, 最小延迟: 50 ms, 最高速率: 8.19 MiB/s, 平均速率: 5.12 MiB/s, 最高分辨率: 1920x1080, 平均帧率: 25.0, 视频编解码器: h264, 音频编解码器: aac
分类: ☘️上海频道, 名称: 东方财经, 有效: 1, IPv4: 8, IPv6: 3, 最小延迟: 437 ms, 最高速率: 3.32 MiB/s, 平均速率: 3.32 MiB/s, 最高分辨率: 1280x760, 平均帧率: 25.0, 视频编解码器: h264, 音频编解码器: aac
分类: ☘️上海频道, 名称: 法治天地, 有效: 1, IPv4: 9, IPv6: 2, 最小延迟: 118 ms, 最高速率: 7.05 MiB/s, 平均速率: 7.05 MiB/s, 最高分辨率: 1920x1080, 平均帧率: 25.0, 视频编解码器: h264, 音频编解码器: aac
分类: ☘️上海频道, 名称: 生活时尚, 有效: 2, IPv4: 5, IPv6: 28, 最小延迟: 47 ms, 最高速率: 9.58 MiB/s, 平均速率: 7.26 MiB/s, 最高分辨率: 1920x1080, 平均帧率: 25.0, 视频编解码器: h264, 音频编解码器: aac
分类: ☘️上海频道, 名称: 上海外语, 有效: 0, IPv4: 8, IPv6: 0, 最小延迟: — ms, 最高速率: 0.00 MiB/s, 平均速率: 0.00 MiB/s, 最高分辨率: —, 平均帧率: 未知, 视频编解码器: 未知, 音频编解码器: 未知
分类: ☘️上海频道, 名称: 上海新闻综合, 有效: 0, IPv4: 7, IPv6: 0, 最小延迟: — ms, 最高速率: 0.00 MiB/s, 平均速率: 0.00 MiB/s, 最高分辨率: —, 平均帧率: 未知, 视频编解码器: 未知, 音频编解码器: 未知
分类: ☘️上海频道, 名称: 上海点掌财经, 有效: 1, IPv4: 1, IPv6: 0, 最小延迟: 334 ms, 最高速率: 1.53 MiB/s, 平均速率: 1.53 MiB/s, 最高分辨率: 1280x720, 平均帧率: 25.0, 视频编解码器: h264, 音频编解码器: aac
分类: ☘️上海频道, 名称: 上海第一财经, 有效: 2, IPv4: 5, IPv6: 1, 最小延迟: 51 ms, 最高速率: 0.82 MiB/s, 平均速率: 0.81 MiB/s, 最高分辨率: —, 平均帧率: 未知, 视频编解码器: 未知, 音频编解码器: aac
分类: ☘️上海频道, 名称: 上海纪实, 有效: 0, IPv4: 4, IPv6: 6, 最小延迟: — ms, 最高速率: 0.00 MiB/s, 平均速率: 0.00 MiB/s, 最高分辨率: —, 平均帧率: 未知, 视频编解码器: 未知, 音频编解码器: 未知
分类: ☘️上海频道, 名称: 上海都市, 有效: 2, IPv4: 8, IPv6: 6, 最小延迟: 47 ms, 最高速率: 9.68 MiB/s, 平均速率: 9.46 MiB/s, 最高分辨率: 1920x1080, 平均帧率: 25.0, 视频编解码器: h264, 音频编解码器: aac
分类: ☘️重庆频道, 名称: 重庆新闻, 有效: 3, IPv4: 3, IPv6: 0, 最小延迟: 34 ms, 最高速率: 10.52 MiB/s, 平均速率: 5.67 MiB/s, 最高分辨率: 1920x1080, 平均帧率: 36.67, 视频编解码器: h264, 音频编解码器: aac
分类: ☘️重庆频道, 名称: 重庆汽摩, 有效: 1, IPv4: 5, IPv6: 0, 最小延迟: 48 ms, 最高速率: 9.53 MiB/s, 平均速率: 9.53 MiB/s, 最高分辨率: 1920x1080, 平均帧率: 25.0, 视频编解码器: h264, 音频编解码器: aac
分类: ☘️重庆频道, 名称: 万州综合, 有效: 0, IPv4: 5, IPv6: 1, 最小延迟: — ms, 最高速率: 0.00 MiB/s, 平均速率: 0.00 MiB/s, 最高分辨率: —, 平均帧率: 未知, 视频编解码器: 未知, 音频编解码器: 未知
分类: ☘️重庆频道, 名称: 万州三峡移民, 有效: 0, IPv4: 4, IPv6: 1, 最小延迟: — ms, 最高速率: 0.00 MiB/s, 平均速率: 0.00 MiB/s, 最高分辨率: —, 平均帧率: 未知, 视频编解码器: 未知, 音频编解码器: 未知
分类: ☘️江苏频道, 名称: 南京十八, 有效: 0, IPv4: 30, IPv6: 4, 最小延迟: — ms, 最高速率: 0.00 MiB/s, 平均速率: 0.00 MiB/s, 最高分辨率: —, 平均帧率: 未知, 视频编解码器: 未知, 音频编解码器: 未知
分类: ☘️江苏频道, 名称: 六合新闻综合, 有效: 0, IPv4: 1, IPv6: 0, 最小延迟: — ms, 最高速率: 0.00 MiB/s, 平均速率: 0.00 MiB/s, 最高分辨率: —, 平均帧率: 未知, 视频编解码器: 未知, 音频编解码器: 未知
分类: ☘️江苏频道, 名称: 南京新闻综合, 有效: 0, IPv4: 25, IPv6: 5, 最小延迟: 534 ms, 最高速率: 0.18 MiB/s, 平均速率: 0.00 MiB/s, 最高分辨率: —, 平均帧率: 未知, 视频编解码器: 未知, 音频编解码器: 未知
分类: ☘️江苏频道, 名称: 南京少儿, 有效: 0, IPv4: 3, IPv6: 1, 最小延迟: — ms, 最高速率: 0.00 MiB/s, 平均速率: 0.00 MiB/s, 最高分辨率: —, 平均帧率: 未知, 视频编解码器: 未知, 音频编解码器: 未知
分类: ☘️江苏频道, 名称: 南京教科, 有效: 1, IPv4: 28, IPv6: 5, 最小延迟: 568 ms, 最高速率: 0.30 MiB/s, 平均速率: 0.30 MiB/s, 最高分辨率: 1280x720, 平均帧率: 25.0, 视频编解码器: h264, 音频编解码器: aac
分类: ☘️江苏频道, 名称: 南通新闻综合, 有效: 0, IPv4: 19, IPv6: 6, 最小延迟: — ms, 最高速率: 0.00 MiB/s, 平均速率: 0.00 MiB/s, 最高分辨率: —, 平均帧率: 未知, 视频编解码器: 未知, 音频编解码器: 未知
分类: ☘️江苏频道, 名称: 无锡娱乐, 有效: 0, IPv4: 0, IPv6: 5, 最小延迟: — ms, 最高速率: 0.00 MiB/s, 平均速率: 0.00 MiB/s, 最高分辨率: —, 平均帧率: 未知, 视频编解码器: 未知, 音频编解码器: 未知
分类: ☘️江苏频道, 名称: 无锡新闻综合, 有效: 0, IPv4: 0, IPv6: 5, 最小延迟: — ms, 最高速率: 0.00 MiB/s, 平均速率: 0.00 MiB/s, 最高分辨率: —, 平均帧率: 未知, 视频编解码器: 未知, 音频编解码器: 未知
分类: ☘️江苏频道, 名称: 无锡生活, 有效: 0, IPv4: 0, IPv6: 4, 最小延迟: — ms, 最高速率: 0.00 MiB/s, 平均速率: 0.00 MiB/s, 最高分辨率: —, 平均帧率: 未知, 视频编解码器: 未知, 音频编解码器: 未知
分类: ☘️江苏频道, 名称: 无锡都市资讯, 有效: 0, IPv4: 0, IPv6: 5, 最小延迟: — ms, 最高速率: 0.00 MiB/s, 平均速率: 0.00 MiB/s, 最高分辨率: —, 平均帧率: 未知, 视频编解码器: 未知, 音频编解码器: 未知
分类: ☘️江苏频道, 名称: 苏州4k, 有效: 2, IPv4: 7, IPv6: 2, 最小延迟: 71 ms, 最高速率: 5.32 MiB/s, 平均速率: 3.23 MiB/s, 最高分辨率: 3840x2160, 平均帧率: 25.0, 视频编解码器: h264, 音频编解码器: aac
分类: ☘️江苏频道, 名称: 苏州文化生活, 有效: 1, IPv4: 1, IPv6: 1, 最小延迟: 681 ms, 最高速率: 0.44 MiB/s, 平均速率: 0.44 MiB/s, 最高分辨率: 1280x720, 平均帧率: 25.0, 视频编解码器: h264, 音频编解码器: aac
分类: ☘️江苏频道, 名称: 苏州生活资讯, 有效: 1, IPv4: 1, IPv6: 1, 最小延迟: 678 ms, 最高速率: 0.44 MiB/s, 平均速率: 0.44 MiB/s, 最高分辨率: 1280x720, 平均帧率: 25.0, 视频编解码器: h264, 音频编解码器: aac
分类: ☘️江苏频道, 名称: 苏州电影娱乐, 有效: 1, IPv4: 1, IPv6: 0, 最小延迟: 701 ms, 最高速率: 0.42 MiB/s, 平均速率: 0.42 MiB/s, 最高分辨率: 1280x720, 平均帧率: 25.0, 视频编解码器: h264, 音频编解码器: aac
分类: ☘️辽宁频道, 名称: 辽宁北方, 有效: 0, IPv4: 2, IPv6: 1, 最小延迟: 337 ms, 最高速率: 0.08 MiB/s, 平均速率: 0.00 MiB/s, 最高分辨率: —, 平均帧率: 未知, 视频编解码器: 未知, 音频编解码器: 未知
分类: ☘️辽宁频道, 名称: 朝阳新闻综合, 有效: 1, IPv4: 1, IPv6: 0, 最小延迟: 422 ms, 最高速率: 0.55 MiB/s, 平均速率: 0.55 MiB/s, 最高分辨率: 1920x1080, 平均帧率: 50.0, 视频编解码器: h264, 音频编解码器: mp2
分类: ☘️辽宁频道, 名称: 辽宁影视剧, 有效: 1, IPv4: 2, IPv6: 3, 最小延迟: 339 ms, 最高速率: 0.88 MiB/s, 平均速率: 0.88 MiB/s, 最高分辨率: 1920x1080, 平均帧率: 25.0, 视频编解码器: h264, 音频编解码器: aac
分类: ☘️辽宁频道, 名称: 辽宁教育青少, 有效: 1, IPv4: 2, IPv6: 1, 最小延迟: 343 ms, 最高速率: 0.59 MiB/s, 平均速率: 0.59 MiB/s, 最高分辨率: 1920x1080, 平均帧率: 25.0, 视频编解码器: h264, 音频编解码器: aac
分类: ☘️辽宁频道, 名称: 辽宁体育, 有效: 1, IPv4: 2, IPv6: 1, 最小延迟: 338 ms, 最高速率: 0.84 MiB/s, 平均速率: 0.84 MiB/s, 最高分辨率: 1920x1080, 平均帧率: 25.0, 视频编解码器: h264, 音频编解码器: aac
分类: ☘️辽宁频道, 名称: 辽宁生活, 有效: 0, IPv4: 2, IPv6: 1, 最小延迟: 341 ms, 最高速率: 0.27 MiB/s, 平均速率: 0.00 MiB/s, 最高分辨率: 1920x1080, 平均帧率: 50.0, 视频编解码器: h264, 音频编解码器: ac3
分类: ☘️辽宁频道, 名称: 辽宁经济, 有效: 2, IPv4: 3, IPv6: 2, 最小延迟: 344 ms, 最高速率: 0.70 MiB/s, 平均速率: 0.64 MiB/s, 最高分辨率: 1920x1080, 平均帧率: 25.0, 视频编解码器: h264, 音频编解码器: ac3
分类: ☘️辽宁频道, 名称: 辽宁都市, 有效: 0, IPv4: 3, IPv6: 2, 最小延迟: 337 ms, 最高速率: 0.38 MiB/s, 平均速率: 0.00 MiB/s, 最高分辨率: 720x576, 平均帧率: 25.0, 视频编解码器: mpeg2video, 音频编解码器: mp2
分类: ☘️湖南频道, 名称: 湖南都市, 有效: 0, IPv4: 8, IPv6: 17, 最小延迟: 110 ms, 最高速率: 0.09 MiB/s, 平均速率: 0.00 MiB/s, 最高分辨率: —, 平均帧率: 未知, 视频编解码器: 未知, 音频编解码器: 未知
分类: ☘️湖南频道, 名称: 湖南电视剧, 有效: 2, IPv4: 6, IPv6: 16, 最小延迟: 62 ms, 最高速率: 2.02 MiB/s, 平均速率: 1.26 MiB/s, 最高分辨率: 1920x1080, 平均帧率: 25.0, 视频编解码器: h264, 音频编解码器: aac
分类: ☘️湖南频道, 名称: 湖南娱乐, 有效: 2, IPv4: 7, IPv6: 15, 最小延迟: 34 ms, 最高速率: 9.90 MiB/s, 平均速率: 7.80 MiB/s, 最高分辨率: 1280x720, 平均帧率: 25.0, 视频编解码器: h264, 音频编解码器: aac
分类: ☘️湖南频道, 名称: 湖南爱晚, 有效: 0, IPv4: 6, IPv6: 1, 最小延迟: 93 ms, 最高速率: 0.00 MiB/s, 平均速率: 0.00 MiB/s, 最高分辨率: —, 平均帧率: 未知, 视频编解码器: 未知, 音频编解码器: 未知
分类: ☘️湖南频道, 名称: 湖南国际, 有效: 0, IPv4: 5, IPv6: 12, 最小延迟: 99 ms, 最高速率: 0.14 MiB/s, 平均速率: 0.00 MiB/s, 最高分辨率: —, 平均帧率: 未知, 视频编解码器: 未知, 音频编解码器: 未知
分类: ☘️湖南频道, 名称: 湖南教育, 有效: 2, IPv4: 4, IPv6: 5, 最小延迟: 52 ms, 最高速率: 1.58 MiB/s, 平均速率: 1.53 MiB/s, 最高分辨率: 1280x720, 平均帧率: 25.0, 视频编解码器: h264, 音频编解码器: aac
分类: ☘️湖南频道, 名称: 湖南公共, 有效: 0, IPv4: 2, IPv6: 10, 最小延迟: — ms, 最高速率: 0.00 MiB/s, 平均速率: 0.00 MiB/s, 最高分辨率: —, 平均帧率: 未知, 视频编解码器: 未知, 音频编解码器: 未知
分类: ☘️湖南频道, 名称: 湖南金鹰纪实, 有效: 0, IPv4: 27, IPv6: 56, 最小延迟: 92 ms, 最高速率: 0.09 MiB/s, 平均速率: 0.00 MiB/s, 最高分辨率: —, 平均帧率: 未知, 视频编解码器: 未知, 音频编解码器: 未知
分类: ☘️湖南频道, 名称: 长沙新闻, 有效: 0, IPv4: 4, IPv6: 1, 最小延迟: — ms, 最高速率: 0.00 MiB/s, 平均速率: 0.00 MiB/s, 最高分辨率: —, 平均帧率: 未知, 视频编解码器: 未知, 音频编解码器: 未知
分类: ☘️湖南频道, 名称: 长沙政法, 有效: 0, IPv4: 4, IPv6: 0, 最小延迟: — ms, 最高速率: 0.00 MiB/s, 平均速率: 0.00 MiB/s, 最高分辨率: —, 平均帧率: 未知, 视频编解码器: 未知, 音频编解码器: 未知
分类: ☘️湖北频道, 名称: 湖北综合, 有效: 0, IPv4: 6, IPv6: 12, 最小延迟: — ms, 最高速率: 0.00 MiB/s, 平均速率: 0.00 MiB/s, 最高分辨率: —, 平均帧率: 未知, 视频编解码器: 未知, 音频编解码器: 未知
分类: ☘️湖北频道, 名称: 湖北影视, 有效: 1, IPv4: 7, IPv6: 17, 最小延迟: 50 ms, 最高速率: 0.38 MiB/s, 平均速率: 0.38 MiB/s, 最高分辨率: 1280x720, 平均帧率: 25.0, 视频编解码器: h264, 音频编解码器: aac
分类: ☘️湖北频道, 名称: 湖北生活, 有效: 0, IPv4: 5, IPv6: 10, 最小延迟: — ms, 最高速率: 0.00 MiB/s, 平均速率: 0.00 MiB/s, 最高分辨率: —, 平均帧率: 未知, 视频编解码器: 未知, 音频编解码器: 未知
分类: ☘️湖北频道, 名称: 湖北教育, 有效: 0, IPv4: 3, IPv6: 10, 最小延迟: — ms, 最高速率: 0.00 MiB/s, 平均速率: 0.00 MiB/s, 最高分辨率: —, 平均帧率: 未知, 视频编解码器: 未知, 音频编解码器: 未知
分类: ☘️湖北频道, 名称: 湖北公共, 有效: 0, IPv4: 2, IPv6: 15, 最小延迟: — ms, 最高速率: 0.00 MiB/s, 平均速率: 0.00 MiB/s, 最高分辨率: —, 平均帧率: 未知, 视频编解码器: 未知, 音频编解码器: 未知
分类: ☘️湖北频道, 名称: 湖北垄上, 有效: 0, IPv4: 7, IPv6: 21, 最小延迟: — ms, 最高速率: 0.00 MiB/s, 平均速率: 0.00 MiB/s, 最高分辨率: —, 平均帧率: 未知, 视频编解码器: 未知, 音频编解码器: 未知
分类: ☘️湖北频道, 名称: 武汉一台新闻综合, 有效: 0, IPv4: 2, IPv6: 7, 最小延迟: 1180 ms, 最高速率: 0.05 MiB/s, 平均速率: 0.00 MiB/s, 最高分辨率: —, 平均帧率: 未知, 视频编解码器: 未知, 音频编解码器: 未知
分类: ☘️湖北频道, 名称: 武汉二台电视剧, 有效: 0, IPv4: 1, IPv6: 3, 最小延迟: — ms, 最高速率: 0.00 MiB/s, 平均速率: 0.00 MiB/s, 最高分辨率: —, 平均帧率: 未知, 视频编解码器: 未知, 音频编解码器: 未知
分类: ☘️湖北频道, 名称: 武汉五台文体, 有效: 0, IPv4: 2, IPv6: 0, 最小延迟: 435 ms, 最高速率: 0.00 MiB/s, 平均速率: 0.00 MiB/s, 最高分辨率: —, 平均帧率: 未知, 视频编解码器: 未知, 音频编解码器: 未知
分类: ☘️湖北频道, 名称: 武汉六台外语, 有效: 0, IPv4: 1, IPv6: 0, 最小延迟: — ms, 最高速率: 0.00 MiB/s, 平均速率: 0.00 MiB/s, 最高分辨率: —, 平均帧率: 未知, 视频编解码器: 未知, 音频编解码器: 未知
分类: ☘️湖北频道, 名称: 武汉教育, 有效: 0, IPv4: 1, IPv6: 11, 最小延迟: — ms, 最高速率: 0.00 MiB/s, 平均速率: 0.00 MiB/s, 最高分辨率: —, 平均帧率: 未知, 视频编解码器: 未知, 音频编解码器: 未知
分类: ☘️天津频道, 名称: 天津都市, 有效: 2, IPv4: 2, IPv6: 0, 最小延迟: 32 ms, 最高速率: 16.28 MiB/s, 平均速率: 11.31 MiB/s, 最高分辨率: 1280x720, 平均帧率: 25.0, 视频编解码器: h264, 音频编解码器: aac
分类: ☘️天津频道, 名称: 天津新闻, 有效: 2, IPv4: 3, IPv6: 1, 最小延迟: 32 ms, 最高速率: 30.87 MiB/s, 平均速率: 21.02 MiB/s, 最高分辨率: 1280x720, 平均帧率: 25.0, 视频编解码器: h264, 音频编解码器: aac
分类: ☘️天津频道, 名称: 天津体育, 有效: 3, IPv4: 4, IPv6: 0, 最小延迟: 32 ms, 最高速率: 22.20 MiB/s, 平均速率: 14.08 MiB/s, 最高分辨率: 1280x720, 平均帧率: 26.67, 视频编解码器: h264, 音频编解码器: aac
分类: ☘️天津频道, 名称: 天津文艺, 有效: 2, IPv4: 2, IPv6: 1, 最小延迟: 33 ms, 最高速率: 12.09 MiB/s, 平均速率: 11.83 MiB/s, 最高分辨率: 1280x720, 平均帧率: 25.0, 视频编解码器: h264, 音频编解码器: aac
分类: ☘️四川频道, 名称: 四川科教, 有效: 0, IPv4: 3, IPv6: 4, 最小延迟: 356 ms, 最高速率: 0.34 MiB/s, 平均速率: 0.00 MiB/s, 最高分辨率: 1920x1080, 平均帧率: 25.0, 视频编解码器: h264, 音频编解码器: aac
分类: ☘️四川频道, 名称: 万源新闻综合, 有效: 0, IPv4: 3, IPv6: 0, 最小延迟: — ms, 最高速率: 0.00 MiB/s, 平均速率: 0.00 MiB/s, 最高分辨率: —, 平均帧率: 未知, 视频编解码器: 未知, 音频编解码器: 未知
分类: ☘️四川频道, 名称: 名山综合, 有效: 1, IPv4: 3, IPv6: 0, 最小延迟: 512 ms, 最高速率: 0.55 MiB/s, 平均速率: 0.55 MiB/s, 最高分辨率: 1920x1080, 平均帧率: 25.0, 视频编解码器: h264, 音频编解码器: aac
分类: ☘️四川频道, 名称: 康巴卫视, 有效: 0, IPv4: 21, IPv6: 1, 最小延迟: 337 ms, 最高速率: 0.41 MiB/s, 平均速率: 0.00 MiB/s, 最高分辨率: 1920x1080, 平均帧率: 25.0, 视频编解码器: h264, 音频编解码器: aac
分类: ☘️四川频道, 名称: 广元公共, 有效: 0, IPv4: 1, IPv6: 0, 最小延迟: — ms, 最高速率: 0.00 MiB/s, 平均速率: 0.00 MiB/s, 最高分辨率: —, 平均帧率: 未知, 视频编解码器: 未知, 音频编解码器: 未知
分类: ☘️四川频道, 名称: 广元综合, 有效: 1, IPv4: 1, IPv6: 2, 最小延迟: 567 ms, 最高速率: 0.30 MiB/s, 平均速率: 0.30 MiB/s, 最高分辨率: 1280x720, 平均帧率: 25.0, 视频编解码器: h264, 音频编解码器: aac
分类: ☘️四川频道, 名称: 井研综合, 有效: 0, IPv4: 1, IPv6: 0, 最小延迟: 594 ms, 最高速率: 0.22 MiB/s, 平均速率: 0.00 MiB/s, 最高分辨率: 1920x1080, 平均帧率: 25.0, 视频编解码器: h264, 音频编解码器: aac
分类: ☘️四川频道, 名称: 成都高新电视, 有效: 1, IPv4: 1, IPv6: 0, 最小延迟: 924 ms, 最高速率: 0.87 MiB/s, 平均速率: 0.87 MiB/s, 最高分辨率: 1280x720, 平均帧率: 25.0, 视频编解码器: h264, 音频编解码器: aac
分类: ☘️四川频道, 名称: 沐川综合, 有效: 0, IPv4: 2, IPv6: 1, 最小延迟: 2705 ms, 最高速率: 0.00 MiB/s, 平均速率: 0.00 MiB/s, 最高分辨率: —, 平均帧率: 未知, 视频编解码器: 未知, 音频编解码器: 未知
分类: ☘️四川频道, 名称: 荥经综合, 有效: 0, IPv4: 1, IPv6: 1, 最小延迟: 469 ms, 最高速率: 0.45 MiB/s, 平均速率: 0.00 MiB/s, 最高分辨率: 1920x1080, 平均帧率: 未知, 视频编解码器: h264, 音频编解码器: aac
分类: ☘️四川频道, 名称: 营山电视台, 有效: 1, IPv4: 0, IPv6: 1, 最小延迟: 469 ms, 最高速率: 0.25 MiB/s, 平均速率: 0.25 MiB/s, 最高分辨率: 1280x720, 平均帧率: 未知, 视频编解码器: h264, 音频编解码器: aac
分类: ☘️四川频道, 名称: 青川综合, 有效: 1, IPv4: 1, IPv6: 0, 最小延迟: 340 ms, 最高速率: 0.62 MiB/s, 平均速率: 0.62 MiB/s, 最高分辨率: 1920x1080, 平均帧率: 未知, 视频编解码器: h264, 音频编解码器: aac
分类: ☘️陕西频道, 名称: 西安新闻综合, 有效: 0, IPv4: 3, IPv6: 0, 最小延迟: 340 ms, 最高速率: 0.04 MiB/s, 平均速率: 0.00 MiB/s, 最高分辨率: —, 平均帧率: 未知, 视频编解码器: 未知, 音频编解码器: 未知
分类: ☘️陕西频道, 名称: 西安都市, 有效: 0, IPv4: 3, IPv6: 0, 最小延迟: — ms, 最高速率: 0.00 MiB/s, 平均速率: 0.00 MiB/s, 最高分辨率: —, 平均帧率: 未知, 视频编解码器: 未知, 音频编解码器: 未知
分类: ☘️陕西频道, 名称: 陕西新闻资讯, 有效: 0, IPv4: 24, IPv6: 5, 最小延迟: 340 ms, 最高速率: 0.11 MiB/s, 平均速率: 0.00 MiB/s, 最高分辨率: —, 平均帧率: 未知, 视频编解码器: 未知, 音频编解码器: 未知
分类: ☘️陕西频道, 名称: 陕西都市青春, 有效: 0, IPv4: 23, IPv6: 5, 最小延迟: 418 ms, 最高速率: 0.08 MiB/s, 平均速率: 0.00 MiB/s, 最高分辨率: —, 平均帧率: 未知, 视频编解码器: 未知, 音频编解码器: 未知
分类: ☘️陕西频道, 名称: 陕西影视, 有效: 0, IPv4: 1, IPv6: 0, 最小延迟: — ms, 最高速率: 0.00 MiB/s, 平均速率: 0.00 MiB/s, 最高分辨率: —, 平均帧率: 未知, 视频编解码器: 未知, 音频编解码器: 未知
分类: ☘️陕西频道, 名称: 陕西生活, 有效: 0, IPv4: 1, IPv6: 0, 最小延迟: 398 ms, 最高速率: 0.14 MiB/s, 平均速率: 0.00 MiB/s, 最高分辨率: —, 平均帧率: 未知, 视频编解码器: 未知, 音频编解码器: 未知
分类: ☘️陕西频道, 名称: 陕西体育休闲, 有效: 0, IPv4: 19, IPv6: 6, 最小延迟: — ms, 最高速率: 0.00 MiB/s, 平均速率: 0.00 MiB/s, 最高分辨率: —, 平均帧率: 未知, 视频编解码器: 未知, 音频编解码器: 未知
分类: ☘️陕西频道, 名称: 陕西公共, 有效: 0, IPv4: 0, IPv6: 1, 最小延迟: 970 ms, 最高速率: 0.05 MiB/s, 平均速率: 0.00 MiB/s, 最高分辨率: —, 平均帧率: 未知, 视频编解码器: 未知, 音频编解码器: 未知
分类: ☘️陕西频道, 名称: 陕西农林, 有效: 0, IPv4: 22, IPv6: 1, 最小延迟: — ms, 最高速率: 0.00 MiB/s, 平均速率: 0.00 MiB/s, 最高分辨率: —, 平均帧率: 未知, 视频编解码器: 未知, 音频编解码器: 未知
分类: ☘️海南频道, 名称: 海南新闻, 有效: 3, IPv4: 8, IPv6: 3, 最小延迟: 56 ms, 最高速率: 0.81 MiB/s, 平均速率: 0.74 MiB/s, 最高分辨率: 1920x1080, 平均帧率: 37.5, 视频编解码器: h264, 音频编解码器: aac
分类: ☘️海南频道, 名称: 海南自贸, 有效: 1, IPv4: 8, IPv6: 0, 最小延迟: 337 ms, 最高速率: 0.36 MiB/s, 平均速率: 0.32 MiB/s, 最高分辨率: 1280x720, 平均帧率: 37.5, 视频编解码器: h264, 音频编解码器: mp2
分类: ☘️海南频道, 名称: 海南文旅, 有效: 2, IPv4: 8, IPv6: 2, 最小延迟: 328 ms, 最高速率: 0.71 MiB/s, 平均速率: 0.59 MiB/s, 最高分辨率: 1920x1080, 平均帧率: 31.25, 视频编解码器: h264, 音频编解码器: aac
分类: ☘️海南频道, 名称: 海南少儿, 有效: 1, IPv4: 8, IPv6: 0, 最小延迟: 208 ms, 最高速率: 1.58 MiB/s, 平均速率: 1.58 MiB/s, 最高分辨率: 1280x720, 平均帧率: 25.0, 视频编解码器: h264, 音频编解码器: aac
分类: ☘️海南频道, 名称: 海南公共, 有效: 0, IPv4: 5, IPv6: 3, 最小延迟: 343 ms, 最高速率: 0.49 MiB/s, 平均速率: 0.00 MiB/s, 最高分辨率: 720x576, 平均帧率: 50.0, 视频编解码器: h264, 音频编解码器: mp2
分类: ☘️河南频道, 名称: 梨园, 有效: 4, IPv4: 12, IPv6: 0, 最小延迟: 229 ms, 最高速率: 1.15 MiB/s, 平均速率: 0.99 MiB/s, 最高分辨率: 1920x1080, 平均帧率: 25.0, 视频编解码器: h264, 音频编解码器: aac
分类: ☘️河南频道, 名称: 河南民生, 有效: 0, IPv4: 9, IPv6: 6, 最小延迟: — ms, 最高速率: 0.00 MiB/s, 平均速率: 0.00 MiB/s, 最高分辨率: —, 平均帧率: 未知, 视频编解码器: 未知, 音频编解码器: 未知
分类: ☘️河南频道, 名称: 河南都市, 有效: 0, IPv4: 5, IPv6: 10, 最小延迟: 350 ms, 最高速率: 0.00 MiB/s, 平均速率: 0.00 MiB/s, 最高分辨率: —, 平均帧率: 未知, 视频编解码器: 未知, 音频编解码器: 未知
分类: ☘️河北频道, 名称: 邯郸科技教育, 有效: 0, IPv4: 0, IPv6: 3, 最小延迟: 388 ms, 最高速率: 0.18 MiB/s, 平均速率: 0.00 MiB/s, 最高分辨率: —, 平均帧率: 未知, 视频编解码器: 未知, 音频编解码器: 未知
分类: ☘️河北频道, 名称: 邯郸公共, 有效: 0, IPv4: 0, IPv6: 3, 最小延迟: — ms, 最高速率: 0.00 MiB/s, 平均速率: 0.00 MiB/s, 最高分辨率: —, 平均帧率: 未知, 视频编解码器: 未知, 音频编解码器: 未知
分类: ☘️河北频道, 名称: 邢台综合, 有效: 3, IPv4: 0, IPv6: 9, 最小延迟: 495 ms, 最高速率: 0.38 MiB/s, 平均速率: 0.36 MiB/s, 最高分辨率: 1280x720, 平均帧率: 25.0, 视频编解码器: h264, 音频编解码器: aac
分类: ☘️河北频道, 名称: 石家庄都市, 有效: 0, IPv4: 5, IPv6: 9, 最小延迟: — ms, 最高速率: 0.00 MiB/s, 平均速率: 0.00 MiB/s, 最高分辨率: —, 平均帧率: 未知, 视频编解码器: 未知, 音频编解码器: 未知
分类: ☘️河北频道, 名称: 石家庄生活, 有效: 0, IPv4: 4, IPv6: 7, 最小延迟: — ms, 最高速率: 0.00 MiB/s, 平均速率: 0.00 MiB/s, 最高分辨率: —, 平均帧率: 未知, 视频编解码器: 未知, 音频编解码器: 未知
分类: ☘️河北频道, 名称: 石家庄娱乐, 有效: 0, IPv4: 4, IPv6: 10, 最小延迟: — ms, 最高速率: 0.00 MiB/s, 平均速率: 0.00 MiB/s, 最高分辨率: —, 平均帧率: 未知, 视频编解码器: 未知, 音频编解码器: 未知
分类: ☘️河北频道, 名称: 河北都市, 有效: 0, IPv4: 9, IPv6: 14, 最小延迟: 238 ms, 最高速率: 0.77 MiB/s, 平均速率: 0.00 MiB/s, 最高分辨率: 3840x2160, 平均帧率: 25.0, 视频编解码器: h264, 音频编解码器: aac
分类: ☘️河北频道, 名称: 河北农民, 有效: 1, IPv4: 7, IPv6: 17, 最小延迟: 228 ms, 最高速率: 0.70 MiB/s, 平均速率: 0.48 MiB/s, 最高分辨率: 1280x720, 平均帧率: 27.5, 视频编解码器: h264, 音频编解码器: aac
分类: ☘️河北频道, 名称: 昌黎综合, 有效: 1, IPv4: 0, IPv6: 2, 最小延迟: 475 ms, 最高速率: 0.52 MiB/s, 平均速率: 0.52 MiB/s, 最高分辨率: 1280x720, 平均帧率: 30.0, 视频编解码器: h264, 音频编解码器: aac
分类: ☘️河北频道, 名称: 平泉综合, 有效: 1, IPv4: 0, IPv6: 1, 最小延迟: 599 ms, 最高速率: 0.38 MiB/s, 平均速率: 0.38 MiB/s, 最高分辨率: 1280x720, 平均帧率: 25.0, 视频编解码器: h264, 音频编解码器: aac
分类: ☘️贵州频道, 名称: 清镇新闻综合, 有效: 0, IPv4: 1, IPv6: 0, 最小延迟: — ms, 最高速率: 0.00 MiB/s, 平均速率: 0.00 MiB/s, 最高分辨率: —, 平均帧率: 未知, 视频编解码器: 未知, 音频编解码器: 未知
分类: ☘️贵州频道, 名称: 安顺新闻, 有效: 0, IPv4: 0, IPv6: 3, 最小延迟: 854 ms, 最高速率: 0.07 MiB/s, 平均速率: 0.00 MiB/s, 最高分辨率: —, 平均帧率: 未知, 视频编解码器: 未知, 音频编解码器: 未知
分类: ☘️甘肃频道, 名称: 甘肃都市, 有效: 1, IPv4: 6, IPv6: 1, 最小延迟: 55 ms, 最高速率: 0.71 MiB/s, 平均速率: 0.71 MiB/s, 最高分辨率: —, 平均帧率: 未知, 视频编解码器: 未知, 音频编解码器: aac
分类: ☘️甘肃频道, 名称: 甘肃公共, 有效: 0, IPv4: 0, IPv6: 1, 最小延迟: — ms, 最高速率: 0.00 MiB/s, 平均速率: 0.00 MiB/s, 最高分辨率: —, 平均帧率: 未知, 视频编解码器: 未知, 音频编解码器: 未知
分类: ☘️甘肃频道, 名称: 甘肃少儿, 有效: 0, IPv4: 6, IPv6: 1, 最小延迟: — ms, 最高速率: 0.00 MiB/s, 平均速率: 0.00 MiB/s, 最高分辨率: —, 平均帧率: 未知, 视频编解码器: 未知, 音频编解码器: 未知
分类: ☘️甘肃频道, 名称: 嘉峪关综合, 有效: 0, IPv4: 4, IPv6: 0, 最小延迟: — ms, 最高速率: 0.00 MiB/s, 平均速率: 0.00 MiB/s, 最高分辨率: —, 平均帧率: 未知, 视频编解码器: 未知, 音频编解码器: 未知
分类: ☘️甘肃频道, 名称: 西峰综合, 有效: 2, IPv4: 3, IPv6: 0, 最小延迟: 418 ms, 最高速率: 0.92 MiB/s, 平均速率: 0.87 MiB/s, 最高分辨率: 1280x720, 平均帧率: 30.0, 视频编解码器: h264, 音频编解码器: aac
分类: ☘️新疆频道, 名称: 伊犁汉语综合, 有效: 0, IPv4: 2, IPv6: 0, 最小延迟: — ms, 最高速率: 0.00 MiB/s, 平均速率: 0.00 MiB/s, 最高分辨率: —, 平均帧率: 未知, 视频编解码器: 未知, 音频编解码器: 未知
分类: ☘️新疆频道, 名称: 哈密二套, 有效: 0, IPv4: 1, IPv6: 0, 最小延迟: — ms, 最高速率: 0.00 MiB/s, 平均速率: 0.00 MiB/s, 最高分辨率: —, 平均帧率: 未知, 视频编解码器: 未知, 音频编解码器: 未知
分类: ☘️新疆频道, 名称: 哈密三套, 有效: 0, IPv4: 1, IPv6: 0, 最小延迟: — ms, 最高速率: 0.00 MiB/s, 平均速率: 0.00 MiB/s, 最高分辨率: —, 平均帧率: 未知, 视频编解码器: 未知, 音频编解码器: 未知
分类: ☘️新疆频道, 名称: 伊犁维吾尔, 有效: 0, IPv4: 2, IPv6: 0, 最小延迟: 408 ms, 最高速率: 0.28 MiB/s, 平均速率: 0.00 MiB/s, 最高分辨率: 1920x1080, 平均帧率: 25.0, 视频编解码器: h264, 音频编解码器: aac
分类: ☘️新疆频道, 名称: 伊犁哈萨克, 有效: 0, IPv4: 2, IPv6: 0, 最小延迟: 515 ms, 最高速率: 0.22 MiB/s, 平均速率: 0.00 MiB/s, 最高分辨率: —, 平均帧率: 25.0, 视频编解码器: h264, 音频编解码器: aac
分类: ☘️新疆频道, 名称: 伊犁经济法制, 有效: 0, IPv4: 2, IPv6: 0, 最小延迟: 526 ms, 最高速率: 0.24 MiB/s, 平均速率: 0.00 MiB/s, 最高分辨率: —, 平均帧率: 25.0, 视频编解码器: h264, 音频编解码器: aac
分类: ☘️新疆频道, 名称: 奎屯哈萨克语, 有效: 0, IPv4: 2, IPv6: 0, 最小延迟: 516 ms, 最高速率: 0.17 MiB/s, 平均速率: 0.00 MiB/s, 最高分辨率: —, 平均帧率: 未知, 视频编解码器: 未知, 音频编解码器: 未知
分类: ☘️新疆频道, 名称: 玛纳斯综合, 有效: 0, IPv4: 3, IPv6: 0, 最小延迟: 275 ms, 最高速率: 0.12 MiB/s, 平均速率: 0.00 MiB/s, 最高分辨率: —, 平均帧率: 未知, 视频编解码器: 未知, 音频编解码器: 未知
分类: ☘️新疆频道, 名称: 兵团五师双河新闻综合, 有效: 0, IPv4: 2, IPv6: 0, 最小延迟: 425 ms, 最高速率: 0.32 MiB/s, 平均速率: 0.00 MiB/s, 最高分辨率: 720x576, 平均帧率: 25.0, 视频编解码器: h264, 音频编解码器: aac
分类: ☘️新疆频道, 名称: 兵团八师石河子经济生活, 有效: 0, IPv4: 1, IPv6: 0, 最小延迟: — ms, 最高速率: 0.00 MiB/s, 平均速率: 0.00 MiB/s, 最高分辨率: —, 平均帧率: 未知, 视频编解码器: 未知, 音频编解码器: 未知
分类: ☘️山东频道, 名称: 山东生活, 有效: 0, IPv4: 5, IPv6: 2, 最小延迟: 552 ms, 最高速率: 0.08 MiB/s, 平均速率: 0.00 MiB/s, 最高分辨率: —, 平均帧率: 未知, 视频编解码器: 未知, 音频编解码器: 未知
分类: ☘️山东频道, 名称: 山东体育, 有效: 2, IPv4: 9, IPv6: 13, 最小延迟: 55 ms, 最高速率: 0.71 MiB/s, 平均速率: 0.70 MiB/s, 最高分辨率: —, 平均帧率: 未知, 视频编解码器: 未知, 音频编解码器: aac
分类: ☘️山东频道, 名称: 山东文旅, 有效: 0, IPv4: 3, IPv6: 0, 最小延迟: — ms, 最高速率: 0.00 MiB/s, 平均速率: 0.00 MiB/s, 最高分辨率: —, 平均帧率: 未知, 视频编解码器: 未知, 音频编解码器: 未知
分类: ☘️山东频道, 名称: 山东综艺, 有效: 0, IPv4: 5, IPv6: 1, 最小延迟: — ms, 最高速率: 0.00 MiB/s, 平均速率: 0.00 MiB/s, 最高分辨率: —, 平均帧率: 未知, 视频编解码器: 未知, 音频编解码器: 未知
分类: ☘️山东频道, 名称: 山东农科, 有效: 0, IPv4: 1, IPv6: 1, 最小延迟: — ms, 最高速率: 0.00 MiB/s, 平均速率: 0.00 MiB/s, 最高分辨率: —, 平均帧率: 未知, 视频编解码器: 未知, 音频编解码器: 未知
分类: ☘️山东频道, 名称: 山东齐鲁, 有效: 0, IPv4: 9, IPv6: 1, 最小延迟: 283 ms, 最高速率: 0.03 MiB/s, 平均速率: 0.00 MiB/s, 最高分辨率: —, 平均帧率: 未知, 视频编解码器: 未知, 音频编解码器: 未知
分类: ☘️山东频道, 名称: 山东少儿, 有效: 0, IPv4: 6, IPv6: 10, 最小延迟: — ms, 最高速率: 0.00 MiB/s, 平均速率: 0.00 MiB/s, 最高分辨率: —, 平均帧率: 未知, 视频编解码器: 未知, 音频编解码器: 未知
分类: ☘️山东频道, 名称: 山东教育, 有效: 2, IPv4: 11, IPv6: 2, 最小延迟: 341 ms, 最高速率: 0.56 MiB/s, 平均速率: 0.44 MiB/s, 最高分辨率: 1280x720, 平均帧率: 25.0, 视频编解码器: h264, 音频编解码器: aac
分类: ☘️山东频道, 名称: 青州综合, 有效: 0, IPv4: 2, IPv6: 0, 最小延迟: — ms, 最高速率: 0.00 MiB/s, 平均速率: 0.00 MiB/s, 最高分辨率: —, 平均帧率: 未知, 视频编解码器: 未知, 音频编解码器: 未知
分类: ☘️山东频道, 名称: 青岛城阳, 有效: 0, IPv4: 1, IPv6: 0, 最小延迟: — ms, 最高速率: 0.00 MiB/s, 平均速率: 0.00 MiB/s, 最高分辨率: —, 平均帧率: 未知, 视频编解码器: 未知, 音频编解码器: 未知
分类: ☘️山东频道, 名称: 济南综合, 有效: 0, IPv4: 1, IPv6: 2, 最小延迟: — ms, 最高速率: 0.00 MiB/s, 平均速率: 0.00 MiB/s, 最高分辨率: —, 平均帧率: 未知, 视频编解码器: 未知, 音频编解码器: 未知
分类: ☘️山东频道, 名称: 济宁公共, 有效: 0, IPv4: 4, IPv6: 0, 最小延迟: — ms, 最高速率: 0.00 MiB/s, 平均速率: 0.00 MiB/s, 最高分辨率: —, 平均帧率: 未知, 视频编解码器: 未知, 音频编解码器: 未知
分类: ☘️山东频道, 名称: 济宁图文, 有效: 0, IPv4: 2, IPv6: 0, 最小延迟: — ms, 最高速率: 0.00 MiB/s, 平均速率: 0.00 MiB/s, 最高分辨率: —, 平均帧率: 未知, 视频编解码器: 未知, 音频编解码器: 未知
分类: ☘️山东频道, 名称: 济宁教育, 有效: 0, IPv4: 2, IPv6: 0, 最小延迟: — ms, 最高速率: 0.00 MiB/s, 平均速率: 0.00 MiB/s, 最高分辨率: —, 平均帧率: 未知, 视频编解码器: 未知, 音频编解码器: 未知
分类: ☘️山东频道, 名称: 济宁综合, 有效: 0, IPv4: 3, IPv6: 0, 最小延迟: — ms, 最高速率: 0.00 MiB/s, 平均速率: 0.00 MiB/s, 最高分辨率: —, 平均帧率: 未知, 视频编解码器: 未知, 音频编解码器: 未知
分类: ☘️山东频道, 名称: 中华美食, 有效: 0, IPv4: 3, IPv6: 1, 最小延迟: — ms, 最高速率: 0.00 MiB/s, 平均速率: 0.00 MiB/s, 最高分辨率: —, 平均帧率: 未知, 视频编解码器: 未知, 音频编解码器: 未知
分类: ☘️山西频道, 名称: 山西影视, 有效: 0, IPv4: 2, IPv6: 0, 最小延迟: — ms, 最高速率: 0.00 MiB/s, 平均速率: 0.00 MiB/s, 最高分辨率: —, 平均帧率: 未知, 视频编解码器: 未知, 音频编解码器: 未知
分类: ☘️山西频道, 名称: 万荣综合, 有效: 0, IPv4: 1, IPv6: 0, 最小延迟: 461 ms, 最高速率: 0.18 MiB/s, 平均速率: 0.00 MiB/s, 最高分辨率: —, 平均帧率: 未知, 视频编解码器: 未知, 音频编解码器: 未知
分类: ☘️山西频道, 名称: 山西文体生活, 有效: 0, IPv4: 2, IPv6: 0, 最小延迟: — ms, 最高速率: 0.00 MiB/s, 平均速率: 0.00 MiB/s, 最高分辨率: —, 平均帧率: 未知, 视频编解码器: 未知, 音频编解码器: 未知
分类: ☘️山西频道, 名称: 山西社会与法治, 有效: 0, IPv4: 1, IPv6: 0, 最小延迟: — ms, 最高速率: 0.00 MiB/s, 平均速率: 0.00 MiB/s, 最高分辨率: —, 平均帧率: 未知, 视频编解码器: 未知, 音频编解码器: 未知
分类: ☘️山西频道, 名称: 山西经济, 有效: 0, IPv4: 1, IPv6: 0, 最小延迟: — ms, 最高速率: 0.00 MiB/s, 平均速率: 0.00 MiB/s, 最高分辨率: —, 平均帧率: 未知, 视频编解码器: 未知, 音频编解码器: 未知
分类: ☘️山西频道, 名称: 怀仁综合, 有效: 1, IPv4: 2, IPv6: 0, 最小延迟: 283 ms, 最高速率: 0.51 MiB/s, 平均速率: 0.51 MiB/s, 最高分辨率: 1920x1080, 平均帧率: 未知, 视频编解码器: h264, 音频编解码器: aac
分类: ☘️安徽频道, 名称: 安徽国际, 有效: 1, IPv4: 4, IPv6: 0, 最小延迟: 199 ms, 最高速率: 0.91 MiB/s, 平均速率: 0.91 MiB/s, 最高分辨率: —, 平均帧率: 未知, 视频编解码器: 未知, 音频编解码器: 未知
分类: ☘️安徽频道, 名称: 安徽影视, 有效: 0, IPv4: 7, IPv6: 5, 最小延迟: — ms, 最高速率: 0.00 MiB/s, 平均速率: 0.00 MiB/s, 最高分辨率: —, 平均帧率: 未知, 视频编解码器: 未知, 音频编解码器: 未知
分类: ☘️安徽频道, 名称: 安徽综艺体育, 有效: 0, IPv4: 5, IPv6: 9, 最小延迟: — ms, 最高速率: 0.00 MiB/s, 平均速率: 0.00 MiB/s, 最高分辨率: —, 平均帧率: 未知, 视频编解码器: 未知, 音频编解码器: 未知
分类: ☘️安徽频道, 名称: 安徽导视, 有效: 0, IPv4: 2, IPv6: 1, 最小延迟: 233 ms, 最高速率: 0.20 MiB/s, 平均速率: 0.00 MiB/s, 最高分辨率: 1920x1080, 平均帧率: 30.0, 视频编解码器: h264, 音频编解码器: aac
分类: ☘️安徽频道, 名称: 安徽经济生活, 有效: 0, IPv4: 4, IPv6: 8, 最小延迟: — ms, 最高速率: 0.00 MiB/s, 平均速率: 0.00 MiB/s, 最高分辨率: —, 平均帧率: 未知, 视频编解码器: 未知, 音频编解码器: 未知
分类: ☘️安徽频道, 名称: 祁门综合, 有效: 1, IPv4: 0, IPv6: 1, 最小延迟: 55 ms, 最高速率: 1.34 MiB/s, 平均速率: 1.34 MiB/s, 最高分辨率: 1920x1080, 平均帧率: 25.0, 视频编解码器: h264, 音频编解码器: aac
分类: ☘️安徽频道, 名称: 亳州农村, 有效: 2, IPv4: 1, IPv6: 2, 最小延迟: 52 ms, 最高速率: 1.90 MiB/s, 平均速率: 1.63 MiB/s, 最高分辨率: 1920x1080, 平均帧率: 25.0, 视频编解码器: h264, 音频编解码器: aac
分类: ☘️安徽频道, 名称: 广德生活, 有效: 0, IPv4: 1, IPv6: 0, 最小延迟: 498 ms, 最高速率: 0.49 MiB/s, 平均速率: 0.00 MiB/s, 最高分辨率: 1920x1080, 平均帧率: 30.0, 视频编解码器: h264, 音频编解码器: aac
分类: ☘️宁夏频道, 名称: 宁夏公共, 有效: 0, IPv4: 1, IPv6: 0, 最小延迟: — ms, 最高速率: 0.00 MiB/s, 平均速率: 0.00 MiB/s, 最高分辨率: —, 平均帧率: 未知, 视频编解码器: 未知, 音频编解码器: 未知
分类: ☘️宁夏频道, 名称: 宁夏经济, 有效: 0, IPv4: 3, IPv6: 1, 最小延迟: — ms, 最高速率: 0.00 MiB/s, 平均速率: 0.00 MiB/s, 最高分辨率: —, 平均帧率: 未知, 视频编解码器: 未知, 音频编解码器: 未知
分类: ☘️宁夏频道, 名称: 宁夏少儿, 有效: 0, IPv4: 1, IPv6: 0, 最小延迟: — ms, 最高速率: 0.00 MiB/s, 平均速率: 0.00 MiB/s, 最高分辨率: —, 平均帧率: 未知, 视频编解码器: 未知, 音频编解码器: 未知
分类: ☘️宁夏频道, 名称: 吴忠综合, 有效: 0, IPv4: 2, IPv6: 0, 最小延迟: — ms, 最高速率: 0.00 MiB/s, 平均速率: 0.00 MiB/s, 最高分辨率: —, 平均帧率: 未知, 视频编解码器: 未知, 音频编解码器: 未知
分类: ☘️宁夏频道, 名称: 吴忠公共, 有效: 0, IPv4: 2, IPv6: 0, 最小延迟: — ms, 最高速率: 0.00 MiB/s, 平均速率: 0.00 MiB/s, 最高分辨率: —, 平均帧率: 未知, 视频编解码器: 未知, 音频编解码器: 未知
分类: ☘️吉林频道, 名称: 吉林都市, 有效: 2, IPv4: 2, IPv6: 0, 最小延迟: 31 ms, 最高速率: 6.20 MiB/s, 平均速率: 4.45 MiB/s, 最高分辨率: 1280x720, 平均帧率: 25.0, 视频编解码器: h264, 音频编解码器: aac
分类: ☘️吉林频道, 名称: 吉林生活, 有效: 0, IPv4: 6, IPv6: 0, 最小延迟: — ms, 最高速率: 0.00 MiB/s, 平均速率: 0.00 MiB/s, 最高分辨率: —, 平均帧率: 未知, 视频编解码器: 未知, 音频编解码器: 未知
分类: ☘️吉林频道, 名称: 吉林乡村, 有效: 2, IPv4: 6, IPv6: 0, 最小延迟: 51 ms, 最高速率: 0.79 MiB/s, 平均速率: 0.78 MiB/s, 最高分辨率: —, 平均帧率: 未知, 视频编解码器: 未知, 音频编解码器: aac
分类: ☘️吉林频道, 名称: 延边卫视, 有效: 2, IPv4: 5, IPv6: 1, 最小延迟: 82 ms, 最高速率: 7.27 MiB/s, 平均速率: 6.36 MiB/s, 最高分辨率: 1920x1080, 平均帧率: 25.0, 视频编解码器: h264, 音频编解码器: aac
分类: ☘️吉林频道, 名称: 延边-2, 有效: 0, IPv4: 5, IPv6: 0, 最小延迟: 309 ms, 最高速率: 0.30 MiB/s, 平均速率: 0.00 MiB/s, 最高分辨率: 720x576, 平均帧率: 25.0, 视频编解码器: h264, 音频编解码器: aac
分类: ☘️吉林频道, 名称: 延边-1, 有效: 0, IPv4: 3, IPv6: 0, 最小延迟: — ms, 最高速率: 0.00 MiB/s, 平均速率: 0.00 MiB/s, 最高分辨率: —, 平均帧率: 未知, 视频编解码器: 未知, 音频编解码器: 未知
分类: ☘️吉林频道, 名称: 延边朝鲜语综合, 有效: 0, IPv4: 4, IPv6: 0, 最小延迟: — ms, 最高速率: 0.00 MiB/s, 平均速率: 0.00 MiB/s, 最高分辨率: —, 平均帧率: 未知, 视频编解码器: 未知, 音频编解码器: 未知
分类: ☘️吉林频道, 名称: 延边汉语综合, 有效: 0, IPv4: 1, IPv6: 0, 最小延迟: — ms, 最高速率: 0.00 MiB/s, 平均速率: 0.00 MiB/s, 最高分辨率: —, 平均帧率: 未知, 视频编解码器: 未知, 音频编解码器: 未知
分类: ☘️内蒙古频道, 名称: 内蒙古综合, 有效: 0, IPv4: 1, IPv6: 0, 最小延迟: — ms, 最高速率: 0.00 MiB/s, 平均速率: 0.00 MiB/s, 最高分辨率: —, 平均帧率: 未知, 视频编解码器: 未知, 音频编解码器: 未知
分类: ☘️内蒙古频道, 名称: 内蒙古经济生活, 有效: 0, IPv4: 0, IPv6: 1, 最小延迟: — ms, 最高速率: 0.00 MiB/s, 平均速率: 0.00 MiB/s, 最高分辨率: —, 平均帧率: 未知, 视频编解码器: 未知, 音频编解码器: 未知
分类: ☘️内蒙古频道, 名称: 内蒙古文体娱乐, 有效: 0, IPv4: 2, IPv6: 0, 最小延迟: — ms, 最高速率: 0.00 MiB/s, 平均速率: 0.00 MiB/s, 最高分辨率: —, 平均帧率: 未知, 视频编解码器: 未知, 音频编解码器: 未知
分类: ☘️内蒙古频道, 名称: 内蒙古农牧, 有效: 0, IPv4: 3, IPv6: 0, 最小延迟: 496 ms, 最高速率: 0.05 MiB/s, 平均速率: 0.00 MiB/s, 最高分辨率: —, 平均帧率: 未知, 视频编解码器: 未知, 音频编解码器: 未知
分类: ☘️内蒙古频道, 名称: 内蒙古少儿, 有效: 0, IPv4: 3, IPv6: 0, 最小延迟: 254 ms, 最高速率: 0.09 MiB/s, 平均速率: 0.00 MiB/s, 最高分辨率: —, 平均帧率: 未知, 视频编解码器: 未知, 音频编解码器: 未知
分类: ☘️内蒙古频道, 名称: 内蒙古蒙语文化, 有效: 0, IPv4: 1, IPv6: 0, 最小延迟: — ms, 最高速率: 0.00 MiB/s, 平均速率: 0.00 MiB/s, 最高分辨率: —, 平均帧率: 未知, 视频编解码器: 未知, 音频编解码器: 未知
分类: ☘️云南频道, 名称: 西双版纳综合, 有效: 0, IPv4: 1, IPv6: 0, 最小延迟: — ms, 最高速率: 0.00 MiB/s, 平均速率: 0.00 MiB/s, 最高分辨率: —, 平均帧率: 未知, 视频编解码器: 未知, 音频编解码器: 未知
分类: ☘️云南频道, 名称: 云南都市, 有效: 1, IPv4: 1, IPv6: 0, 最小延迟: 266 ms, 最高速率: 0.40 MiB/s, 平均速率: 0.40 MiB/s, 最高分辨率: 1280x720, 平均帧率: 25.0, 视频编解码器: h264, 音频编解码器: aac
分类: ☘️云南频道, 名称: 云南娱乐, 有效: 1, IPv4: 1, IPv6: 0, 最小延迟: 282 ms, 最高速率: 0.68 MiB/s, 平均速率: 0.68 MiB/s, 最高分辨率: 1280x720, 平均帧率: 25.0, 视频编解码器: h264, 音频编解码器: aac
分类: ☘️云南频道, 名称: 通海电视台, 有效: 1, IPv4: 1, IPv6: 0, 最小延迟: 386 ms, 最高速率: 0.85 MiB/s, 平均速率: 0.85 MiB/s, 最高分辨率: 1920x1080, 平均帧率: 25.0, 视频编解码器: h264, 音频编解码器: aac
分类: ☘️云南频道, 名称: 易门综合, 有效: 0, IPv4: 1, IPv6: 0, 最小延迟: 1747 ms, 最高速率: 0.25 MiB/s, 平均速率: 0.00 MiB/s, 最高分辨率: 1920x1080, 平均帧率: 30.0, 视频编解码器: h264, 音频编解码器: aac
分类: ☘️青海频道, 名称: 青海都市, 有效: 0, IPv4: 1, IPv6: 2, 最小延迟: — ms, 最高速率: 0.00 MiB/s, 平均速率: 0.00 MiB/s, 最高分辨率: —, 平均帧率: 未知, 视频编解码器: 未知, 音频编解码器: 未知
分类: ☘️青海频道, 名称: 安多卫视, 有效: 0, IPv4: 24, IPv6: 4, 最小延迟: 236 ms, 最高速率: 0.32 MiB/s, 平均速率: 0.00 MiB/s, 最高分辨率: 1920x1080, 平均帧率: 25.0, 视频编解码器: h264, 音频编解码器: aac
分类: ☘️黑龙江频道, 名称: 黑龙江文体, 有效: 0, IPv4: 0, IPv6: 21, 最小延迟: — ms, 最高速率: 0.00 MiB/s, 平均速率: 0.00 MiB/s, 最高分辨率: —, 平均帧率: 未知, 视频编解码器: 未知, 音频编解码器: 未知
分类: ☘️黑龙江频道, 名称: 黑龙江新闻法治, 有效: 0, IPv4: 2, IPv6: 12, 最小延迟: 57 ms, 最高速率: 0.38 MiB/s, 平均速率: 0.00 MiB/s, 最高分辨率: —, 平均帧率: 未知, 视频编解码器: 未知, 音频编解码器: aac
分类: ☘️黑龙江频道, 名称: 黑龙江影视, 有效: 0, IPv4: 1, IPv6: 14, 最小延迟: 735 ms, 最高速率: 0.13 MiB/s, 平均速率: 0.00 MiB/s, 最高分辨率: —, 平均帧率: 未知, 视频编解码器: 未知, 音频编解码器: 未知
分类: ☘️黑龙江频道, 名称: 黑龙江都市, 有效: 0, IPv4: 1, IPv6: 27, 最小延迟: 378 ms, 最高速率: 0.16 MiB/s, 平均速率: 0.00 MiB/s, 最高分辨率: —, 平均帧率: 未知, 视频编解码器: 未知, 音频编解码器: 未知
分类: ☘️黑龙江频道, 名称: 黑龙江科教, 有效: 0, IPv4: 0, IPv6: 2, 最小延迟: — ms, 最高速率: 0.00 MiB/s, 平均速率: 0.00 MiB/s, 最高分辨率: —, 平均帧率: 未知, 视频编解码器: 未知, 音频编解码器: 未知
分类: ☘️黑龙江频道, 名称: 黑龙江少儿, 有效: 0, IPv4: 7, IPv6: 21, 最小延迟: 97 ms, 最高速率: 0.08 MiB/s, 平均速率: 0.00 MiB/s, 最高分辨率: —, 平均帧率: 未知, 视频编解码器: 未知, 音频编解码器: 未知
分类: ☘️黑龙江频道, 名称: 哈尔滨新闻综合, 有效: 0, IPv4: 4, IPv6: 1, 最小延迟: 352 ms, 最高速率: 0.20 MiB/s, 平均速率: 0.00 MiB/s, 最高分辨率: —, 平均帧率: 未知, 视频编解码器: 未知, 音频编解码器: 未知
分类: ☘️黑龙江频道, 名称: 哈尔滨影视, 有效: 0, IPv4: 4, IPv6: 0, 最小延迟: 348 ms, 最高速率: 0.29 MiB/s, 平均速率: 0.00 MiB/s, 最高分辨率: 640x480, 平均帧率: 25.0, 视频编解码器: h264, 音频编解码器: aac
分类: ☘️黑龙江频道, 名称: 哈尔滨资讯, 有效: 0, IPv4: 3, IPv6: 0, 最小延迟: 242 ms, 最高速率: 0.05 MiB/s, 平均速率: 0.00 MiB/s, 最高分辨率: —, 平均帧率: 未知, 视频编解码器: 未知, 音频编解码器: 未知
分类: ☘️黑龙江频道, 名称: 哈尔滨生活, 有效: 0, IPv4: 4, IPv6: 0, 最小延迟: 487 ms, 最高速率: 0.32 MiB/s, 平均速率: 0.00 MiB/s, 最高分辨率: 640x480, 平均帧率: 25.0, 视频编解码器: h264, 音频编解码器: aac
分类: ☘️黑龙江频道, 名称: 哈尔滨娱乐, 有效: 0, IPv4: 3, IPv6: 0, 最小延迟: 268 ms, 最高速率: 0.05 MiB/s, 平均速率: 0.00 MiB/s, 最高分辨率: —, 平均帧率: 未知, 视频编解码器: 未知, 音频编解码器: 未知
分类: ☘️黑龙江频道, 名称: 双鸭山综合, 有效: 0, IPv4: 1, IPv6: 0, 最小延迟: — ms, 最高速率: 0.00 MiB/s, 平均速率: 0.00 MiB/s, 最高分辨率: —, 平均帧率: 未知, 视频编解码器: 未知, 音频编解码器: 未知
